<area shape="rect" href="$d9/d83/_avg_filter_8h.html" title="Definition of the Filter class." alt="" coords="168,80,256,107">
<area shape="rect" href="$de/de4/tpk_8h.html" title="Definition of the AvgFilter2D class." alt="" coords="272,229,323,256">
<area shape="rect" href="$db/dc2/_kalman_filter_8h.html" title="Definition of the Filter class." alt="" coords="360,80,467,107">
<area shape="rect" href="$d2/da7/_pi_filter_8h.html" title="Definition of the Filter class." alt="" coords="491,80,565,107">
<area shape="rect" href="$db/def/_pointing_control_8cpp.html" title="Definition of the Filter class." alt="" coords="589,80,728,107">
<area shape="rect" href="$dc/de9/_avg_filter_8cpp.html" title="Definition of the AvgFilter class." alt="" coords="5,155,107,181">
<area shape="rect" href="$d0/d4d/_avg_filter2_d_8h.html" title="Definition of the AvgFilter class." alt="" coords="131,155,235,181">
<area shape="rect" href="$de/dec/_kalman_filter_8cpp.html" title="Definition of the Kalman filter class." alt="" coords="360,155,483,181">
<area shape="rect" href="$d5/d5d/_pi_filter_8cpp.html" title="Definition of the PiFilter class." alt="" coords="557,155,645,181">
