<area shape="rect" href="$de/d66/_wcs_8h.html" title="Definition of the kernel world coordinate system class." alt="" coords="251,80,312,107">
<area shape="rect" title="Definition of the world coordinate system class." alt="" coords="300,304,380,331">
<area shape="rect" title="Definition of the world coordinate system class." alt="" coords="215,155,268,181">
<area shape="rect" title="Definition of the world coordinate system class." alt="" coords="292,155,351,181">
<area shape="rect" href="$d8/dc1/_ref_sys_8h.html" title="Definition of the world coordinate system class." alt="" coords="116,155,191,181">
<area shape="rect" title="Definition of the coordinate reference system class." alt="" coords="31,229,100,256">
<area shape="rect" title="Definition of the coordinate reference system class." alt="" coords="124,229,193,256">
<area shape="rect" href="$d9/d8b/_coordinates_8h.html" title="Definition of the coordinate reference system class." alt="" coords="17,304,121,331">
<area shape="rect" href="$de/d9b/_tcs_lib_8h.html" title="Definition of the coordinate reference system class." alt="" coords="217,229,292,256">
<area shape="rect" title="Definitions of coordinate classes." alt="" coords="40,379,99,405">
<area shape="rect" title="Definition of the TcsLib class." alt="" coords="225,304,276,331">
