<area shape="rect" href="$d6/d5d/_point_cat_8h.html" title="Definition of the pointing catalogue class." alt="" coords="121,229,204,256">
<area shape="rect" title="Declaration of the pointing catalogue class." alt="" coords="300,603,380,629">
<area shape="rect" title="Declaration of the pointing catalogue class." alt="" coords="301,304,355,331">
<area shape="rect" title="Definition of the pointing catalogue class." alt="" coords="853,80,920,107">
<area shape="rect" title="Definition of the pointing catalogue class." alt="" coords="944,80,1008,107">
<area shape="rect" href="$d6/dfb/_f_k5_target_8h.html" title="Definition of the pointing catalogue class." alt="" coords="331,229,427,256">
<area shape="rect" href="$d1/d01/_site_8h.html" title="Definition of the target class." alt="" coords="387,453,443,480">
<area shape="rect" href="$d9/d6c/_i_c_ref_sys_8h.html" title="Definition of the pointing catalogue class." alt="" coords="635,80,725,107">
<area shape="rect" title="Definition of the pointing catalogue class." alt="" coords="1032,80,1093,107">
<area shape="rect" title="Declaration of the pointing catalogue class." alt="" coords="88,304,125,331">
<area shape="rect" title="Declaration of the pointing catalogue class." alt="" coords="5,304,64,331">
<area shape="rect" href="$d3/d6a/_tracking_target_8h.html" title="Definition of the FK5 target class." alt="" coords="595,304,717,331">
<area shape="rect" href="$d9/d8b/_coordinates_8h.html" title="Definition of the tracking target class." alt="" coords="893,603,997,629">
<area shape="rect" href="$d0/d32/_target_8h.html" title="Definition of the tracking target class." alt="" coords="620,379,692,405">
<area shape="rect" title="Definitions of coordinate classes." alt="" coords="916,677,975,704">
<area shape="rect" title="Definition of the target class." alt="" coords="520,528,589,555">
<area shape="rect" href="$d8/dc1/_ref_sys_8h.html" title="Definition of the target class." alt="" coords="721,453,796,480">
<area shape="rect" href="$de/d9b/_tcs_lib_8h.html" title="Definition of the coordinate reference system class." alt="" coords="664,528,739,555">
<area shape="rect" href="$d3/d51/_tcs_mutex_8h.html" title="Definition of the site class." alt="" coords="403,528,496,555">
<area shape="rect" title="Definition of the coordinate reference system class." alt="" coords="763,528,832,555">
<area shape="rect" title="Definition of the TcsLib class." alt="" coords="676,603,727,629">
<area shape="rect" href="$d5/dff/_appt_ref_sys_8h.html" title="Definitions of the international coordinate reference system class." alt="" coords="628,155,732,181">
<area shape="rect" href="$dd/d5e/_i_c_r_s_target_8h.html" title="Definitions of the international coordinate reference system class." alt="" coords="501,229,605,256">
<area shape="rect" href="$d7/d58/_appt_target_8h.html" title="Definitions of the Geocentric Apparent coordinate reference system classes." alt="" coords="629,229,731,256">
