<area shape="rect" title="Definition of the international coordinate reference system target class." alt="" coords="139,379,219,405">
<area shape="rect" title="Definition of the international coordinate reference system target class." alt="" coords="375,80,428,107">
<area shape="rect" href="$d3/d6a/_tracking_target_8h.html" title="Definition of the international coordinate reference system target class." alt="" coords="228,80,351,107">
<area shape="rect" href="$d9/d8b/_coordinates_8h.html" title="Definition of the tracking target class." alt="" coords="500,379,604,405">
<area shape="rect" href="$d0/d32/_target_8h.html" title="Definition of the tracking target class." alt="" coords="253,155,325,181">
<area shape="rect" title="Definitions of coordinate classes." alt="" coords="523,453,581,480">
<area shape="rect" title="Definition of the target class." alt="" coords="211,304,280,331">
<area shape="rect" href="$d8/dc1/_ref_sys_8h.html" title="Definition of the target class." alt="" coords="355,229,429,256">
<area shape="rect" href="$de/d9b/_tcs_lib_8h.html" title="Definition of the coordinate reference system class." alt="" coords="355,304,429,331">
<area shape="rect" href="$d1/d01/_site_8h.html" title="Definition of the target class." alt="" coords="112,229,168,256">
<area shape="rect" href="$d3/d51/_tcs_mutex_8h.html" title="Definition of the site class." alt="" coords="93,304,187,331">
<area shape="rect" title="Definition of the coordinate reference system class." alt="" coords="504,304,573,331">
<area shape="rect" title="Definition of the TcsLib class." alt="" coords="367,379,417,405">
