<area shape="rect" title="Definitions of the international coordinate reference system class." alt="" coords="43,229,96,256">
<area shape="rect" href="$d5/dff/_appt_ref_sys_8h.html" title="Definitions of the international coordinate reference system class." alt="" coords="196,80,300,107">
<area shape="rect" href="$d8/dc1/_ref_sys_8h.html" title="Definition of the target class." alt="" coords="473,379,548,405">
<area shape="rect" href="$dd/d5e/_i_c_r_s_target_8h.html" title="Definitions of the international coordinate reference system class." alt="" coords="17,155,121,181">
<area shape="rect" href="$d7/d58/_appt_target_8h.html" title="Definitions of the Geocentric Apparent coordinate reference system classes." alt="" coords="197,155,299,181">
<area shape="rect" title="Definition of the geocentric apparent target class." alt="" coords="67,528,147,555">
<area shape="rect" href="$d3/d6a/_tracking_target_8h.html" title="Definition of the geocentric apparent target class." alt="" coords="239,229,361,256">
<area shape="rect" href="$d9/d8b/_coordinates_8h.html" title="Definition of the tracking target class." alt="" coords="504,528,608,555">
<area shape="rect" href="$d0/d32/_target_8h.html" title="Definition of the tracking target class." alt="" coords="299,304,371,331">
<area shape="rect" title="Definitions of coordinate classes." alt="" coords="527,603,585,629">
<area shape="rect" title="Definition of the target class." alt="" coords="461,453,531,480">
<area shape="rect" href="$de/d9b/_tcs_lib_8h.html" title="Definition of the coordinate reference system class." alt="" coords="312,453,387,480">
<area shape="rect" href="$d1/d01/_site_8h.html" title="Definition of the target class." alt="" coords="163,379,219,405">
<area shape="rect" href="$d3/d51/_tcs_mutex_8h.html" title="Definition of the site class." alt="" coords="144,453,237,480">
<area shape="rect" title="Definition of the coordinate reference system class." alt="" coords="555,453,624,480">
<area shape="rect" title="Definition of the TcsLib class." alt="" coords="324,528,375,555">
