<area shape="rect" href="$d3/d90/_kernel_appt_ref_sys_8h.html" title="Definition of the tcspk tracking coordinate reference system class." alt="" coords="68,80,209,107">
<area shape="rect" href="$dc/d84/_kernel_az_el_ref_sys_8h.html" title="Definition of the tcspk tracking coordinate reference system class." alt="" coords="377,80,519,107">
<area shape="rect" href="$d3/d04/_kernel_f_k5_ref_sys_8h.html" title="Definition of the tcspk tracking coordinate reference system class." alt="" coords="737,80,876,107">
<area shape="rect" href="$d1/d27/_kernel_i_c_ref_sys_8h.html" title="Definition of the tcspk tracking coordinate reference system class." alt="" coords="912,80,1040,107">
<area shape="rect" href="$d3/d59/_kernel_topo_appt_ref_sys_8h.html" title="Definition of the tcspk tracking coordinate reference system class." alt="" coords="1064,80,1237,107">
<area shape="rect" href="$d3/d45/_tcspk_ref_sys_8cpp.html" title="Definition of the tcspk tracking coordinate reference system class." alt="" coords="1261,80,1389,107">
<area shape="rect" href="$de/dbe/_appt_ref_sys_8cpp.html" title="Definition of the kernel geocentric apparent coordinate reference system class." alt="" coords="5,155,125,181">
<area shape="rect" href="$d6/d73/_az_el_ref_sys_8cpp.html" title="Definition of the kernel az,el coordinate reference system class." alt="" coords="149,155,269,181">
<area shape="rect" href="$dc/d62/_kernel_az_el_ref_sys_8cpp.html" title="Definition of the kernel az,el coordinate reference system class." alt="" coords="293,155,448,181">
<area shape="rect" href="$de/d03/_mount_vt_8cpp.html" title="Definition of the kernel az,el coordinate reference system class." alt="" coords="472,155,568,181">
<area shape="rect" href="$d7/d04/_f_k5_ref_sys_8cpp.html" title="Definitions of the kernel FK5 coordinate reference system class." alt="" coords="592,155,707,181">
<area shape="rect" href="$de/dfc/_kernel_f_k5_ref_sys_8cpp.html" title="Definitions of the kernel FK5 coordinate reference system class." alt="" coords="731,155,883,181">
<area shape="rect" href="$dd/d1f/_kernel_galactic_ref_sys_8h.html" title="Definitions of the kernel international coordinate reference system class." alt="" coords="907,155,1069,181">
<area shape="rect" href="$d8/d07/_i_c_ref_sys_8cpp.html" title="Definitions of the kernel international coordinate reference system class." alt="" coords="1093,155,1197,181">
<area shape="rect" href="$d7/d9b/_galactic_ref_sys_8cpp.html" title="Definition of the kernel galactic reference system class." alt="" coords="828,229,967,256">
<area shape="rect" href="$d3/d04/_kernel_galactic_ref_sys_8cpp.html" title="Definition of the kernel galactic reference system class." alt="" coords="991,229,1167,256">
<area shape="rect" href="$d5/de1/_topo_appt_ref_sys_8cpp.html" title="Definition of the kernel topocentric apparent coordinate reference system class." alt="" coords="1221,155,1371,181">
