<area shape="rect" href="$dd/d2e/_topo_appt_ref_sys_8h.html" title="Implementation of the topocentric apparent coordinate reference system class." alt="" coords="763,155,899,181">
<area shape="rect" href="$d3/d57/_topo_appt_target_8h.html" title="Definition of the topocentric apparent coordinate reference system class." alt="" coords="663,453,793,480">
<area shape="rect" title="Implementation of the topocentric apparent coordinate reference system class." alt="" coords="1331,80,1395,107">
<area shape="rect" href="$d3/d59/_kernel_topo_appt_ref_sys_8h.html" title="Implementation of the topocentric apparent coordinate reference system class." alt="" coords="1133,80,1307,107">
<area shape="rect" href="$d5/dff/_appt_ref_sys_8h.html" title="Definition of the topocentric apparent coordinate reference system class." alt="" coords="523,304,627,331">
<area shape="rect" href="$d9/d6c/_i_c_ref_sys_8h.html" title="Definitions of the Geocentric Apparent coordinate reference system classes." alt="" coords="419,379,509,405">
<area shape="rect" href="$d8/dc1/_ref_sys_8h.html" title="Definitions of the international coordinate reference system class." alt="" coords="844,677,919,704">
<area shape="rect" href="$d1/d76/_az_el_ref_sys_8h.html" title="Definition of the topocentric apparent coordinate reference system class." alt="" coords="673,229,777,256">
<area shape="rect" href="$dc/d0a/_f_k5_ref_sys_8h.html" title="Definition of the topocentric apparent coordinate reference system class." alt="" coords="177,304,279,331">
<area shape="rect" href="$d8/d49/_galactic_ref_sys_8h.html" title="Definition of the topocentric apparent coordinate reference system class." alt="" coords="919,304,1044,331">
<area shape="rect" href="$d7/d58/_appt_target_8h.html" title="Definitions of the Geocentric Apparent coordinate reference system classes." alt="" coords="284,453,385,480">
<area shape="rect" title="Definitions of the international coordinate reference system class." alt="" coords="284,528,337,555">
<area shape="rect" href="$dd/d5e/_i_c_r_s_target_8h.html" title="Definitions of the international coordinate reference system class." alt="" coords="409,453,513,480">
<area shape="rect" title="Definition of the coordinate reference system class." alt="" coords="1061,752,1131,779">
<area shape="rect" title="Definition of the coordinate reference system class." alt="" coords="571,827,651,853">
<area shape="rect" title="Definition of the coordinate reference system class." alt="" coords="749,752,819,779">
<area shape="rect" href="$d9/d8b/_coordinates_8h.html" title="Definition of the coordinate reference system class." alt="" coords="1179,827,1283,853">
<area shape="rect" href="$de/d9b/_tcs_lib_8h.html" title="Definition of the coordinate reference system class." alt="" coords="1307,752,1381,779">
<area shape="rect" title="Definitions of coordinate classes." alt="" coords="1201,901,1260,928">
<area shape="rect" title="Definition of the TcsLib class." alt="" coords="1319,827,1369,853">
<area shape="rect" href="$d3/d6a/_tracking_target_8h.html" title="Definition of the international coordinate reference system target class." alt="" coords="412,528,535,555">
<area shape="rect" href="$d0/d32/_target_8h.html" title="Definition of the tracking target class." alt="" coords="1071,603,1143,629">
<area shape="rect" href="$d1/d01/_site_8h.html" title="Definition of the target class." alt="" coords="952,677,1008,704">
<area shape="rect" href="$d3/d51/_tcs_mutex_8h.html" title="Definition of the site class." alt="" coords="944,752,1037,779">
<area shape="rect" href="$d3/df3/_az_el_target_8h.html" title="Definition of the Az,El coordinate reference system class." alt="" coords="537,453,639,480">
<area shape="rect" href="$d6/dfb/_f_k5_target_8h.html" title="Definitions of the FK5 coordinate reference system classes." alt="" coords="63,453,159,480">
<area shape="rect" href="$d1/d3d/_galactic_target_8h.html" title="Definitions of the geocentric apparent coordinate reference system class." alt="" coords="1020,379,1140,405">
<area shape="rect" href="$db/dca/_tcspk_ref_sys_8h.html" title="Definition of the kernel topocentric apparent coordinate reference system class." alt="" coords="1221,603,1333,629">
<area shape="rect" href="$d2/dfa/_kernel_ref_sys_8h.html" title="Definition of the tcspk tracking coordinate reference system class." alt="" coords="1235,677,1349,704">
