<area shape="rect" href="$dd/d2e/_topo_appt_ref_sys_8h.html" title="Definition of the topocentric apparent target class." alt="" coords="324,80,460,107">
<area shape="rect" href="$d0/db2/_appt_target_8cpp.html" title="Definition of the topocentric apparent coordinate reference system class." alt="" coords="24,155,139,181">
<area shape="rect" href="$d0/d0d/_i_c_r_s_target_8cpp.html" title="Definition of the topocentric apparent coordinate reference system class." alt="" coords="163,155,280,181">
<area shape="rect" href="$d5/de1/_topo_appt_ref_sys_8cpp.html" title="Definition of the kernel topocentric apparent coordinate reference system class." alt="" coords="243,229,392,256">
<area shape="rect" href="$db/d7b/_topo_appt_target_8cpp.html" title="Definition of the topocentric apparent coordinate reference system class." alt="" coords="701,155,845,181">
<area shape="rect" href="$de/de4/tpk_8h.html" title="Definition of the topocentric apparent coordinate reference system class." alt="" coords="893,229,944,256">
<area shape="rect" href="$d2/d2f/_sol_sys_targets_8h.html" title="Definition of the topocentric apparent target class." alt="" coords="1020,80,1140,107">
<area shape="rect" href="$d3/d59/_kernel_topo_appt_ref_sys_8h.html" title="Definition of the topocentric apparent coordinate reference system class." alt="" coords="453,155,627,181">
<area shape="rect" href="$df/d52/_wcs_8cpp.html" title="Definition of the topocentric apparent coordinate reference system class." alt="" coords="355,155,429,181">
<area shape="rect" href="$df/dff/_planet_8h.html" title="Definitions of the solar system target classes." alt="" coords="920,155,989,181">
<area shape="rect" href="$d7/d9a/_planet_8cpp.html" title="Definition of the Planet class." alt="" coords="1097,229,1183,256">
<area shape="rect" href="$da/d1a/_sol_sys_targets_8cpp.html" title="Definitions of the solar system target classes." alt="" coords="1013,155,1147,181">
