<area shape="rect" href="$dd/d2e/_topo_appt_ref_sys_8h.html" title="Definitions of the geocentric apparent coordinate reference system class." alt="" coords="480,80,616,107">
<area shape="rect" href="$de/de4/tpk_8h.html" title="Definition of the topocentric apparent coordinate reference system class." alt="" coords="701,155,752,181">
<area shape="rect" href="$df/d52/_wcs_8cpp.html" title="Definition of the topocentric apparent coordinate reference system class." alt="" coords="776,155,851,181">
<area shape="rect" href="$d7/d9b/_galactic_ref_sys_8cpp.html" title="Definitions of the geocentric apparent coordinate reference system class." alt="" coords="875,155,1013,181">
<area shape="rect" href="$dd/d1f/_kernel_galactic_ref_sys_8h.html" title="Definitions of the geocentric apparent coordinate reference system class." alt="" coords="892,80,1055,107">
<area shape="rect" href="$d5/d3f/_galactic_target_8cpp.html" title="Definitions of the geocentric apparent coordinate reference system class." alt="" coords="1079,80,1212,107">
<area shape="rect" href="$d0/db2/_appt_target_8cpp.html" title="Definition of the topocentric apparent coordinate reference system class." alt="" coords="421,155,536,181">
<area shape="rect" href="$d0/d0d/_i_c_r_s_target_8cpp.html" title="Definition of the topocentric apparent coordinate reference system class." alt="" coords="560,155,677,181">
<area shape="rect" href="$d3/d59/_kernel_topo_appt_ref_sys_8h.html" title="Definition of the topocentric apparent coordinate reference system class." alt="" coords="5,155,179,181">
<area shape="rect" href="$d5/de1/_topo_appt_ref_sys_8cpp.html" title="Definition of the kernel topocentric apparent coordinate reference system class." alt="" coords="79,229,228,256">
<area shape="rect" href="$db/d7b/_topo_appt_target_8cpp.html" title="Definition of the topocentric apparent coordinate reference system class." alt="" coords="253,155,397,181">
<area shape="rect" href="$d3/d04/_kernel_galactic_ref_sys_8cpp.html" title="Definition of the kernel galactic reference system class." alt="" coords="1037,155,1213,181">
