<area shape="rect" href="$d5/dff/_appt_ref_sys_8h.html" title="Definitions of the international coordinate reference system class." alt="" coords="817,80,921,107">
<area shape="rect" href="$d0/db2/_appt_target_8cpp.html" title="Definition of the Az,El coordinate reference system class." alt="" coords="5,304,120,331">
<area shape="rect" href="$dd/d2e/_topo_appt_ref_sys_8h.html" title="Definition of the Az,El coordinate reference system class." alt="" coords="983,229,1119,256">
<area shape="rect" href="$d0/d0d/_i_c_r_s_target_8cpp.html" title="Definition of the topocentric apparent coordinate reference system class." alt="" coords="673,304,791,331">
<area shape="rect" href="$de/de4/tpk_8h.html" title="Definition of the topocentric apparent coordinate reference system class." alt="" coords="1231,304,1281,331">
<area shape="rect" href="$df/d52/_wcs_8cpp.html" title="Definition of the topocentric apparent coordinate reference system class." alt="" coords="1305,304,1380,331">
<area shape="rect" href="$dc/d0a/_f_k5_ref_sys_8h.html" title="Definitions of the international coordinate reference system class." alt="" coords="1409,155,1511,181">
<area shape="rect" href="$d0/d45/_f_k5_target_8cpp.html" title="Definitions of the FK5 coordinate reference system classes." alt="" coords="1660,229,1769,256">
<area shape="rect" href="$d8/d07/_i_c_ref_sys_8cpp.html" title="Definitions of the FK5 coordinate reference system classes." alt="" coords="1793,229,1897,256">
<area shape="rect" href="$d8/d49/_galactic_ref_sys_8h.html" title="Definitions of the international coordinate reference system class." alt="" coords="1872,155,1997,181">
<area shape="rect" href="$d5/d3f/_galactic_target_8cpp.html" title="Definitions of the geocentric apparent coordinate reference system class." alt="" coords="2260,229,2393,256">
<area shape="rect" href="$d1/d27/_kernel_i_c_ref_sys_8h.html" title="Definitions of the international coordinate reference system class." alt="" coords="1720,155,1848,181">
<area shape="rect" href="$d8/d09/_kernel_8cpp.html" title="Definitions of the international coordinate reference system class." alt="" coords="1829,80,1915,107">
<area shape="rect" href="$d0/d1c/_point_cat_8cpp.html" title="Definitions of the international coordinate reference system class." alt="" coords="1939,80,2037,107">
<area shape="rect" href="$de/d0a/_pointing_log_8cpp.html" title="Definitions of the international coordinate reference system class." alt="" coords="2061,80,2179,107">
<area shape="rect" href="$d3/da6/_pointing_obs_8cpp.html" title="Definitions of the international coordinate reference system class." alt="" coords="2203,80,2323,107">
<area shape="rect" href="$de/dbe/_appt_ref_sys_8cpp.html" title="Definitions of the Geocentric Apparent coordinate reference system classes." alt="" coords="687,229,807,256">
<area shape="rect" href="$d3/d90/_kernel_appt_ref_sys_8h.html" title="Definitions of the Geocentric Apparent coordinate reference system classes." alt="" coords="665,155,807,181">
<area shape="rect" href="$d1/d76/_az_el_ref_sys_8h.html" title="Definitions of the Geocentric Apparent coordinate reference system classes." alt="" coords="487,155,591,181">
<area shape="rect" href="$db/d7b/_topo_appt_target_8cpp.html" title="Definition of the topocentric apparent coordinate reference system class." alt="" coords="815,304,959,331">
<area shape="rect" href="$dc/d98/_az_el_target_8cpp.html" title="Definition of the Az,El coordinate reference system class." alt="" coords="129,229,244,256">
<area shape="rect" href="$d6/d73/_az_el_ref_sys_8cpp.html" title="Definition of the Az,El coordinate reference system class." alt="" coords="464,304,584,331">
<area shape="rect" href="$dc/d84/_kernel_az_el_ref_sys_8h.html" title="Definition of the Az,El coordinate reference system class." alt="" coords="319,229,460,256">
<area shape="rect" href="$d3/d59/_kernel_topo_appt_ref_sys_8h.html" title="Definition of the topocentric apparent coordinate reference system class." alt="" coords="983,304,1156,331">
<area shape="rect" href="$d5/de1/_topo_appt_ref_sys_8cpp.html" title="Definition of the kernel topocentric apparent coordinate reference system class." alt="" coords="1056,379,1205,405">
<area shape="rect" href="$dc/d62/_kernel_az_el_ref_sys_8cpp.html" title="Definition of the kernel az,el coordinate reference system class." alt="" coords="285,304,440,331">
<area shape="rect" href="$de/d03/_mount_vt_8cpp.html" title="Definition of the kernel az,el coordinate reference system class." alt="" coords="165,304,261,331">
<area shape="rect" href="$d7/d04/_f_k5_ref_sys_8cpp.html" title="Definitions of the FK5 coordinate reference system classes." alt="" coords="1404,304,1519,331">
<area shape="rect" href="$d3/d04/_kernel_f_k5_ref_sys_8h.html" title="Definitions of the FK5 coordinate reference system classes." alt="" coords="1497,229,1636,256">
<area shape="rect" href="$de/dfc/_kernel_f_k5_ref_sys_8cpp.html" title="Definitions of the kernel FK5 coordinate reference system class." alt="" coords="1543,304,1695,331">
<area shape="rect" href="$d7/d9b/_galactic_ref_sys_8cpp.html" title="Definitions of the geocentric apparent coordinate reference system class." alt="" coords="2153,304,2292,331">
<area shape="rect" href="$dd/d1f/_kernel_galactic_ref_sys_8h.html" title="Definitions of the geocentric apparent coordinate reference system class." alt="" coords="2023,229,2185,256">
<area shape="rect" href="$d3/d04/_kernel_galactic_ref_sys_8cpp.html" title="Definition of the kernel galactic reference system class." alt="" coords="1953,304,2129,331">
