<area shape="rect" title="Definition of the generic Alt/Az limit calculator class." alt="" coords="808,80,859,107">
<area shape="rect" href="$d6/d95/_limit_calc_8h.html" title="Definition of the generic Alt/Az limit calculator class." alt="" coords="1301,304,1389,331">
<area shape="rect" href="$d1/ddf/_mount_vt_8h.html" title="Definition of the generic Alt/Az limit calculator class." alt="" coords="883,80,965,107">
<area shape="rect" href="$dc/dca/_trajectory_8h.html" title="Definition of the mount virtual telescope class." alt="" coords="1261,155,1355,181">
<area shape="rect" href="$dd/dba/_clock_8h.html" title="Definition of the limit calculator class." alt="" coords="1351,379,1417,405">
<area shape="rect" href="$de/d9b/_tcs_lib_8h.html" title="Definition of the limit calculator class." alt="" coords="991,379,1065,405">
<area shape="rect" title="Definition of the Clock class." alt="" coords="943,453,1023,480">
<area shape="rect" href="$d9/d8b/_coordinates_8h.html" title="Definition of the TcsLib class." alt="" coords="291,453,395,480">
<area shape="rect" title="Definition of the TcsLib class." alt="" coords="1047,453,1097,480">
<area shape="rect" title="Definitions of coordinate classes." alt="" coords="313,528,372,555">
<area shape="rect" title="Definition of the mount virtual telescope class." alt="" coords="381,379,451,405">
<area shape="rect" href="$d7/dcd/_base_vt_8h.html" title="Definition of the mount virtual telescope class." alt="" coords="425,155,500,181">
<area shape="rect" href="$d2/dfa/_kernel_ref_sys_8h.html" title="Definition of the BaseVt class." alt="" coords="285,304,400,331">
<area shape="rect" href="$d0/d32/_target_8h.html" title="Definition of the BaseVt class." alt="" coords="665,229,737,256">
<area shape="rect" href="$d8/dc1/_ref_sys_8h.html" title="Definition of the target class." alt="" coords="859,304,933,331">
<area shape="rect" href="$d3/d51/_tcs_mutex_8h.html" title="Definition of the site class." alt="" coords="628,379,721,405">
<area shape="rect" href="$de/d23/_mount_type_8h.html" title="Definition of the mount virtual telescope class." alt="" coords="987,229,1085,256">
<area shape="rect" href="$d1/d7b/_pointing_model_8h.html" title="Definition of the mount virtual telescope class." alt="" coords="1160,304,1277,331">
<area shape="rect" href="$dd/d85/_pointing_origin_8h.html" title="Definition of the BaseVt class." alt="" coords="93,304,211,331">
<area shape="rect" href="$d1/d01/_site_8h.html" title="Definition of the target class." alt="" coords="779,304,835,331">
<area shape="rect" title="Definition of the coordinate reference system class." alt="" coords="897,379,967,405">
<area shape="rect" title="Defininition of the pointing model class." alt="" coords="1191,379,1244,405">
<area shape="rect" title="Defininition of the pointing model class." alt="" coords="1268,379,1327,405">
