<area shape="rect" href="$d8/dc1/_ref_sys_8h.html" title="Pointing kernel constants." alt="" coords="152,453,227,480">
<area shape="rect" href="$de/d9b/_tcs_lib_8h.html" title="Definition of the coordinate reference system class." alt="" coords="5,528,80,555">
<area shape="rect" href="$d9/d6c/_i_c_ref_sys_8h.html" title="Pointing kernel constants." alt="" coords="235,80,325,107">
<area shape="rect" title="Definition of the coordinate reference system class." alt="" coords="349,528,419,555">
<area shape="rect" title="Definition of the coordinate reference system class." alt="" coords="467,603,547,629">
<area shape="rect" title="Definition of the coordinate reference system class." alt="" coords="155,528,224,555">
<area shape="rect" href="$d9/d8b/_coordinates_8h.html" title="Definition of the coordinate reference system class." alt="" coords="151,603,255,629">
<area shape="rect" title="Definitions of coordinate classes." alt="" coords="173,677,232,704">
<area shape="rect" title="Definition of the TcsLib class." alt="" coords="17,603,68,629">
<area shape="rect" title="Definitions of the international coordinate reference system class." alt="" coords="343,304,396,331">
<area shape="rect" href="$d5/dff/_appt_ref_sys_8h.html" title="Definitions of the international coordinate reference system class." alt="" coords="228,155,332,181">
<area shape="rect" href="$dd/d5e/_i_c_r_s_target_8h.html" title="Definitions of the international coordinate reference system class." alt="" coords="431,229,535,256">
<area shape="rect" href="$d7/d58/_appt_target_8h.html" title="Definitions of the Geocentric Apparent coordinate reference system classes." alt="" coords="255,229,356,256">
<area shape="rect" href="$d3/d6a/_tracking_target_8h.html" title="Definition of the geocentric apparent target class." alt="" coords="420,304,543,331">
<area shape="rect" href="$d0/d32/_target_8h.html" title="Definition of the tracking target class." alt="" coords="420,379,492,405">
<area shape="rect" href="$d1/d01/_site_8h.html" title="Definition of the target class." alt="" coords="595,453,651,480">
<area shape="rect" href="$d3/d51/_tcs_mutex_8h.html" title="Definition of the site class." alt="" coords="544,528,637,555">
