<area shape="rect" href="$d8/d3d/classtpk_1_1_target.html" title="Virtual base class for targets." alt="" coords="5,183,93,209">
<area shape="rect" href="$d2/d84/classtpk_1_1_solar_system_target.html" title="Solar System Target." alt="" coords="143,107,305,133">
<area shape="rect" href="$d5/d6d/classtpk_1_1_spiral_target.html" title="Spiral target." alt="" coords="164,183,284,209">
<area shape="rect" href="$d4/dc9/classtpk_1_1_tracking_target.html" title="Virtual base class for tracking frame targets." alt="" coords="155,284,293,311">
<area shape="rect" href="$db/d3c/classtpk_1_1_as_amajor_planet.html" title="Major Planet (Astronomical Almanac format)." alt="" coords="377,5,521,32">
<area shape="rect" href="$d4/dc5/classtpk_1_1_minor_planet.html" title="Minor planet." alt="" coords="389,56,509,83">
<area shape="rect" href="$d0/d9e/classtpk_1_1_minor_solar_system_body.html" title="Minor solar system body." alt="" coords="356,107,543,133">
<area shape="rect" href="$de/d02/classtpk_1_1_planet.html" title="Major Planet (Chapront &amp; Francou ephemeris)." alt="" coords="407,157,492,184">
<area shape="rect" href="$dc/d3d/classtpk_1_1_j_p_lmajor_planet.html" title="Major Planet (JPL Horizons format)." alt="" coords="593,5,735,32">
<area shape="rect" href="$d6/d5e/classtpk_1_1_appt_target.html" title="Geocentric apparent RA,Dec target." alt="" coords="392,208,507,235">
<area shape="rect" href="$d4/d2d/classtpk_1_1_az_el_target.html" title="Az,El target." alt="" coords="392,259,507,285">
<area shape="rect" href="$d0/d3e/classtpk_1_1_f_k5_target.html" title="FK5 target." alt="" coords="393,309,505,336">
<area shape="rect" href="$d2/dea/classtpk_1_1_i_c_r_s_target.html" title="ICRS target." alt="" coords="389,360,509,387">
<area shape="rect" href="$df/ded/classtpk_1_1_topo_appt_target.html" title="Topocentric apparent target." alt="" coords="377,411,521,437">
<area shape="rect" href="$d1/d52/classtpk_1_1_galactic_target.html" title="Galactic coordinate target." alt="" coords="596,360,732,387">
