<area shape="rect" href="$d0/d75/_pointing_obs_8h.html" title="Implementation of the pointing observation class." alt="" coords="43,183,149,209">
<area shape="rect" href="$de/d9b/_tcs_lib_8h.html" title="Defintion of the pointing observation class." alt="" coords="815,556,889,583">
<area shape="rect" title="Implementation of the pointing observation class." alt="" coords="1972,108,2039,135">
<area shape="rect" title="Implementation of the pointing observation class." alt="" coords="2063,108,2100,135">
<area shape="rect" title="Implementation of the pointing observation class." alt="" coords="255,407,308,433">
<area shape="rect" title="Implementation of the pointing observation class." alt="" coords="2124,108,2188,135">
<area shape="rect" href="$d9/d6c/_i_c_ref_sys_8h.html" title="Implementation of the pointing observation class." alt="" coords="620,108,711,135">
<area shape="rect" href="$d1/d01/_site_8h.html" title="Definition of the target class." alt="" coords="1712,481,1768,508">
<area shape="rect" href="$d3/d51/_tcs_mutex_8h.html" title="Definition of the site class." alt="" coords="1759,556,1852,583">
<area shape="rect" href="$d1/ddf/_mount_vt_8h.html" title="Implementation of the pointing observation class." alt="" coords="1224,257,1307,284">
<area shape="rect" title="Definition of the TcsLib class." alt="" coords="1349,631,1429,657">
<area shape="rect" href="$d9/d8b/_coordinates_8h.html" title="Definition of the TcsLib class." alt="" coords="1032,631,1136,657">
<area shape="rect" title="Definition of the TcsLib class." alt="" coords="827,631,877,657">
<area shape="rect" title="Definitions of coordinate classes." alt="" coords="1055,705,1113,732">
<area shape="rect" href="$d5/dff/_appt_ref_sys_8h.html" title="Definitions of the international coordinate reference system class." alt="" coords="613,183,717,209">
<area shape="rect" href="$d8/dc1/_ref_sys_8h.html" title="Definition of the target class." alt="" coords="928,481,1003,508">
<area shape="rect" href="$dd/d5e/_i_c_r_s_target_8h.html" title="Definitions of the international coordinate reference system class." alt="" coords="492,257,596,284">
<area shape="rect" href="$d7/d58/_appt_target_8h.html" title="Definitions of the Geocentric Apparent coordinate reference system classes." alt="" coords="341,257,443,284">
<area shape="rect" href="$d3/d6a/_tracking_target_8h.html" title="Definition of the geocentric apparent target class." alt="" coords="427,332,549,359">
<area shape="rect" href="$d0/d32/_target_8h.html" title="Definition of the tracking target class." alt="" coords="1229,407,1301,433">
<area shape="rect" title="Definition of the target class." alt="" coords="1289,556,1359,583">
<area shape="rect" title="Definition of the coordinate reference system class." alt="" coords="927,556,996,583">
<area shape="rect" href="$d7/dcd/_base_vt_8h.html" title="Definition of the mount virtual telescope class." alt="" coords="1389,332,1464,359">
<area shape="rect" href="$d2/dfa/_kernel_ref_sys_8h.html" title="Definition of the BaseVt class." alt="" coords="1077,481,1192,508">
<area shape="rect" href="$de/d23/_mount_type_8h.html" title="Definition of the mount virtual telescope class." alt="" coords="720,407,819,433">
<area shape="rect" href="$d1/d7b/_pointing_model_8h.html" title="Definition of the mount virtual telescope class." alt="" coords="915,332,1032,359">
<area shape="rect" href="$dc/dca/_trajectory_8h.html" title="Definition of the mount virtual telescope class." alt="" coords="1931,332,2024,359">
<area shape="rect" href="$dd/d85/_pointing_origin_8h.html" title="Definition of the BaseVt class." alt="" coords="1469,481,1587,508">
<area shape="rect" title="Defininition of the pointing model class." alt="" coords="944,407,1003,433">
