<area shape="rect" href="$dd/d5e/_i_c_r_s_target_8h.html" title="Definition of the galactic target class." alt="" coords="456,80,560,107">
<area shape="rect" href="$d0/d32/_target_8h.html" title="Definition of the tracking target class." alt="" coords="328,229,400,256">
<area shape="rect" href="$d8/dc1/_ref_sys_8h.html" title="Definition of the target class." alt="" coords="185,304,260,331">
<area shape="rect" title="Definition of the international coordinate reference system target class." alt="" coords="395,453,475,480">
<area shape="rect" title="Definition of the international coordinate reference system target class." alt="" coords="481,155,535,181">
<area shape="rect" href="$d3/d6a/_tracking_target_8h.html" title="Definition of the international coordinate reference system target class." alt="" coords="303,155,425,181">
<area shape="rect" href="$d9/d8b/_coordinates_8h.html" title="Definition of the tracking target class." alt="" coords="11,453,115,480">
<area shape="rect" title="Definitions of coordinate classes." alt="" coords="33,528,92,555">
<area shape="rect" title="Definition of the target class." alt="" coords="335,379,404,405">
<area shape="rect" href="$de/d9b/_tcs_lib_8h.html" title="Definition of the coordinate reference system class." alt="" coords="185,379,260,405">
<area shape="rect" href="$d1/d01/_site_8h.html" title="Definition of the target class." alt="" coords="452,304,508,331">
<area shape="rect" href="$d3/d51/_tcs_mutex_8h.html" title="Definition of the site class." alt="" coords="428,379,521,405">
<area shape="rect" title="Definition of the coordinate reference system class." alt="" coords="41,379,111,405">
<area shape="rect" title="Definition of the TcsLib class." alt="" coords="197,453,248,480">
