<area shape="rect" href="$d9/d8b/_coordinates_8h.html" title="Definition of the tracking target class." alt="" coords="5,304,109,331">
<area shape="rect" href="$d0/d32/_target_8h.html" title="Definition of the tracking target class." alt="" coords="231,80,303,107">
<area shape="rect" title="Definitions of coordinate classes." alt="" coords="28,379,87,405">
<area shape="rect" title="Definition of the target class." alt="" coords="376,229,445,256">
<area shape="rect" href="$d8/dc1/_ref_sys_8h.html" title="Definition of the target class." alt="" coords="229,155,304,181">
<area shape="rect" href="$de/d9b/_tcs_lib_8h.html" title="Definition of the coordinate reference system class." alt="" coords="133,229,208,256">
<area shape="rect" href="$d1/d01/_site_8h.html" title="Definition of the target class." alt="" coords="455,155,511,181">
<area shape="rect" href="$d3/d51/_tcs_mutex_8h.html" title="Definition of the site class." alt="" coords="520,229,613,256">
<area shape="rect" title="Definition of the coordinate reference system class." alt="" coords="299,304,379,331">
<area shape="rect" title="Definition of the coordinate reference system class." alt="" coords="232,229,301,256">
<area shape="rect" title="Definition of the TcsLib class." alt="" coords="145,304,196,331">
