<area shape="rect" href="$d0/db2/_appt_target_8cpp.html" title="Definition of the Az,El coordinate reference system class." alt="" coords="5,155,120,181">
<area shape="rect" href="$dd/d2e/_topo_appt_ref_sys_8h.html" title="Definition of the Az,El coordinate reference system class." alt="" coords="477,80,613,107">
<area shape="rect" href="$d0/d0d/_i_c_r_s_target_8cpp.html" title="Definition of the topocentric apparent coordinate reference system class." alt="" coords="144,155,261,181">
<area shape="rect" href="$de/de4/tpk_8h.html" title="Definition of the topocentric apparent coordinate reference system class." alt="" coords="701,155,752,181">
<area shape="rect" href="$df/d52/_wcs_8cpp.html" title="Definition of the topocentric apparent coordinate reference system class." alt="" coords="776,155,851,181">
<area shape="rect" href="$d6/d73/_az_el_ref_sys_8cpp.html" title="Definition of the Az,El coordinate reference system class." alt="" coords="875,155,995,181">
<area shape="rect" href="$dc/d84/_kernel_az_el_ref_sys_8h.html" title="Definition of the Az,El coordinate reference system class." alt="" coords="865,80,1007,107">
<area shape="rect" href="$dc/d98/_az_el_target_8cpp.html" title="Definition of the Az,El coordinate reference system class." alt="" coords="1031,80,1145,107">
<area shape="rect" href="$d3/d59/_kernel_topo_appt_ref_sys_8h.html" title="Definition of the topocentric apparent coordinate reference system class." alt="" coords="336,155,509,181">
<area shape="rect" href="$d5/de1/_topo_appt_ref_sys_8cpp.html" title="Definition of the kernel topocentric apparent coordinate reference system class." alt="" coords="285,229,435,256">
<area shape="rect" href="$db/d7b/_topo_appt_target_8cpp.html" title="Definition of the topocentric apparent coordinate reference system class." alt="" coords="533,155,677,181">
<area shape="rect" href="$dc/d62/_kernel_az_el_ref_sys_8cpp.html" title="Definition of the kernel az,el coordinate reference system class." alt="" coords="1019,155,1173,181">
<area shape="rect" href="$de/d03/_mount_vt_8cpp.html" title="Definition of the kernel az,el coordinate reference system class." alt="" coords="1197,155,1293,181">
