<area shape="rect" href="$d5/dff/_appt_ref_sys_8h.html" title="Definition of the geocentric apparent target class." alt="" coords="1480,80,1584,107">
<area shape="rect" href="$de/dbe/_appt_ref_sys_8cpp.html" title="Definitions of the Geocentric Apparent coordinate reference system classes." alt="" coords="2277,229,2397,256">
<area shape="rect" href="$d0/db2/_appt_target_8cpp.html" title="Definitions of the international coordinate reference system class." alt="" coords="549,379,664,405">
<area shape="rect" href="$d0/d0d/_i_c_r_s_target_8cpp.html" title="Definition of the topocentric apparent coordinate reference system class." alt="" coords="725,379,843,405">
<area shape="rect" href="$db/d7b/_topo_appt_target_8cpp.html" title="Definition of the topocentric apparent coordinate reference system class." alt="" coords="2457,379,2601,405">
<area shape="rect" href="$de/de4/tpk_8h.html" title="Definition of the topocentric apparent coordinate reference system class." alt="" coords="1929,379,1980,405">
<area shape="rect" href="$dc/d98/_az_el_target_8cpp.html" title="Definition of the Az,El coordinate reference system class." alt="" coords="404,304,519,331">
<area shape="rect" href="$d9/d6c/_i_c_ref_sys_8h.html" title="Definitions of the Geocentric Apparent coordinate reference system classes." alt="" coords="1487,155,1577,181">
<area shape="rect" href="$dd/d2e/_topo_appt_ref_sys_8h.html" title="Definitions of the FK5 coordinate reference system classes." alt="" coords="1552,304,1688,331">
<area shape="rect" href="$df/d52/_wcs_8cpp.html" title="Definition of the topocentric apparent coordinate reference system class." alt="" coords="1032,379,1107,405">
<area shape="rect" href="$d3/d90/_kernel_appt_ref_sys_8h.html" title="Definitions of the Geocentric Apparent coordinate reference system classes." alt="" coords="2104,155,2245,181">
<area shape="rect" href="$d1/d76/_az_el_ref_sys_8h.html" title="Definitions of the Geocentric Apparent coordinate reference system classes." alt="" coords="597,229,701,256">
<area shape="rect" href="$dc/d0a/_f_k5_ref_sys_8h.html" title="Definitions of the international coordinate reference system class." alt="" coords="2000,229,2101,256">
<area shape="rect" href="$d0/d45/_f_k5_target_8cpp.html" title="Definitions of the FK5 coordinate reference system classes." alt="" coords="2043,304,2152,331">
<area shape="rect" href="$d8/d07/_i_c_ref_sys_8cpp.html" title="Definitions of the FK5 coordinate reference system classes." alt="" coords="1763,304,1867,331">
<area shape="rect" href="$d8/d49/_galactic_ref_sys_8h.html" title="Definitions of the international coordinate reference system class." alt="" coords="1029,229,1155,256">
<area shape="rect" href="$d5/d3f/_galactic_target_8cpp.html" title="Definitions of the geocentric apparent coordinate reference system class." alt="" coords="1049,304,1183,331">
<area shape="rect" href="$d1/d27/_kernel_i_c_ref_sys_8h.html" title="Definitions of the international coordinate reference system class." alt="" coords="1320,229,1448,256">
<area shape="rect" href="$d8/d09/_kernel_8cpp.html" title="Definitions of the international coordinate reference system class." alt="" coords="1667,229,1752,256">
<area shape="rect" href="$d0/d1c/_point_cat_8cpp.html" title="Definitions of the international coordinate reference system class." alt="" coords="1776,229,1875,256">
<area shape="rect" href="$de/d0a/_pointing_log_8cpp.html" title="Definitions of the international coordinate reference system class." alt="" coords="1179,229,1296,256">
<area shape="rect" href="$d3/da6/_pointing_obs_8cpp.html" title="Definitions of the international coordinate reference system class." alt="" coords="1472,229,1592,256">
<area shape="rect" href="$d7/d04/_f_k5_ref_sys_8cpp.html" title="Definitions of the FK5 coordinate reference system classes." alt="" coords="2087,379,2201,405">
<area shape="rect" href="$d3/d04/_kernel_f_k5_ref_sys_8h.html" title="Definitions of the FK5 coordinate reference system classes." alt="" coords="2328,304,2467,331">
<area shape="rect" href="$d3/d59/_kernel_topo_appt_ref_sys_8h.html" title="Definition of the topocentric apparent coordinate reference system class." alt="" coords="1552,379,1725,405">
<area shape="rect" href="$d5/de1/_topo_appt_ref_sys_8cpp.html" title="Definition of the kernel topocentric apparent coordinate reference system class." alt="" coords="1625,453,1775,480">
<area shape="rect" href="$de/dfc/_kernel_f_k5_ref_sys_8cpp.html" title="Definitions of the kernel FK5 coordinate reference system class." alt="" coords="2281,379,2433,405">
<area shape="rect" href="$d7/d9b/_galactic_ref_sys_8cpp.html" title="Definitions of the geocentric apparent coordinate reference system class." alt="" coords="1189,379,1328,405">
<area shape="rect" href="$dd/d1f/_kernel_galactic_ref_sys_8h.html" title="Definitions of the geocentric apparent coordinate reference system class." alt="" coords="1359,304,1521,331">
<area shape="rect" href="$d3/d04/_kernel_galactic_ref_sys_8cpp.html" title="Definition of the kernel galactic reference system class." alt="" coords="1352,379,1528,405">
<area shape="rect" href="$d6/d73/_az_el_ref_sys_8cpp.html" title="Definition of the Az,El coordinate reference system class." alt="" coords="355,379,475,405">
<area shape="rect" href="$dc/d84/_kernel_az_el_ref_sys_8h.html" title="Definition of the Az,El coordinate reference system class." alt="" coords="87,304,228,331">
<area shape="rect" href="$dc/d62/_kernel_az_el_ref_sys_8cpp.html" title="Definition of the kernel az,el coordinate reference system class." alt="" coords="5,379,160,405">
<area shape="rect" href="$de/d03/_mount_vt_8cpp.html" title="Definition of the kernel az,el coordinate reference system class." alt="" coords="184,379,280,405">
