<area shape="rect" href="$d0/d32/_target_8h.html" title="Definition of the coordinate reference system class." alt="" coords="1180,80,1252,107">
<area shape="rect" href="$d1/ddf/_mount_vt_8h.html" title="Definition of the BaseVt class." alt="" coords="713,229,796,256">
<area shape="rect" href="$de/de4/tpk_8h.html" title="Definition of the generic Alt/Az limit calculator class." alt="" coords="1720,379,1771,405">
<area shape="rect" href="$de/d1b/_kernel_wcs_8cpp.html" title="Definition of the mount virtual telescope class." alt="" coords="745,304,857,331">
<area shape="rect" href="$d1/d3d/_galactic_target_8h.html" title="Definition of the international coordinate reference system target class." alt="" coords="1893,155,2013,181">
<area shape="rect" href="$d8/d49/_galactic_ref_sys_8h.html" title="Definitions of the international coordinate reference system class." alt="" coords="2153,229,2279,256">
<area shape="rect" href="$dd/d2e/_topo_appt_ref_sys_8h.html" title="Definition of the Az,El coordinate reference system class." alt="" coords="3420,304,3556,331">
<area shape="rect" href="$dd/d1f/_kernel_galactic_ref_sys_8h.html" title="Definitions of the geocentric apparent coordinate reference system class." alt="" coords="2244,304,2407,331">
<area shape="rect" href="$d7/d98/_spiral_target_8cpp.html" title="Definition of the spiral target class." alt="" coords="1553,229,1673,256">
<area shape="rect" href="$d9/d38/_target_8cpp.html" title="Definition of the target class." alt="" coords="1579,155,1667,181">
<area shape="rect" href="$d9/d6c/_i_c_ref_sys_8h.html" title="Definition of the international coordinate reference system target class." alt="" coords="3287,80,3377,107">
<area shape="rect" href="$d5/dff/_appt_ref_sys_8h.html" title="Definitions of the international coordinate reference system class." alt="" coords="3089,155,3193,181">
<area shape="rect" href="$d1/d76/_az_el_ref_sys_8h.html" title="Definitions of the Geocentric Apparent coordinate reference system classes." alt="" coords="2823,229,2927,256">
<area shape="rect" href="$dc/d0a/_f_k5_ref_sys_8h.html" title="Definitions of the international coordinate reference system class." alt="" coords="3835,155,3936,181">
<area shape="rect" href="$d8/d09/_kernel_8cpp.html" title="Definitions of the international coordinate reference system class." alt="" coords="4351,155,4436,181">
<area shape="rect" href="$de/d66/_wcs_8h.html" title="Definition of the coordinate reference system class." alt="" coords="2748,304,2809,331">
<area shape="rect" href="$d7/dcd/_base_vt_8h.html" title="Definition of the target class." alt="" coords="871,155,945,181">
<area shape="rect" href="$de/d5c/_auto_guider_8cpp.html" title="Definition of the mount virtual telescope class." alt="" coords="881,304,996,331">
<area shape="rect" href="$d8/d7c/_base_vt_8cpp.html" title="Definition of the mount virtual telescope class." alt="" coords="47,304,137,331">
<area shape="rect" href="$de/d03/_mount_vt_8cpp.html" title="Definition of the mount virtual telescope class." alt="" coords="127,379,223,405">
<area shape="rect" href="$d0/dc0/_optics_vt_8h.html" title="Definition of the BaseVt class." alt="" coords="1085,229,1168,256">
<area shape="rect" href="$d3/d6a/_tracking_target_8h.html" title="Definition of the target class." alt="" coords="1227,229,1349,256">
<area shape="rect" href="$d2/d2f/_sol_sys_targets_8h.html" title="Definition of the topocentric apparent target class." alt="" coords="1253,155,1373,181">
<area shape="rect" href="$d3/d14/_spiral_target_8h.html" title="Definition of the target class." alt="" coords="1448,155,1555,181">
<area shape="rect" href="$d0/dd0/_alt_az_limit_calc_8h.html" title="Definition of the mount virtual telescope class." alt="" coords="263,304,383,331">
<area shape="rect" href="$d5/de5/_alt_az_limit_calc_8cpp.html" title="Definition of the generic Alt/Az limit calculator class." alt="" coords="252,379,385,405">
<area shape="rect" href="$dd/dcc/_limit_calc_8cpp.html" title="Definition of the mount virtual telescope class." alt="" coords="407,304,508,331">
<area shape="rect" href="$dc/d89/_optics_vt_8cpp.html" title="Definition of the mount virtual telescope class." alt="" coords="1071,304,1169,331">
<area shape="rect" href="$db/def/_pointing_control_8cpp.html" title="Definition of the mount virtual telescope class." alt="" coords="532,304,671,331">
<area shape="rect" href="$de/d0a/_pointing_log_8cpp.html" title="Definition of the mount virtual telescope class." alt="" coords="1244,304,1361,331">
<area shape="rect" href="$d3/da6/_pointing_obs_8cpp.html" title="Definition of the mount virtual telescope class." alt="" coords="1385,304,1505,331">
<area shape="rect" href="$d7/d9b/_galactic_ref_sys_8cpp.html" title="Definitions of the geocentric apparent coordinate reference system class." alt="" coords="2137,379,2276,405">
<area shape="rect" href="$d5/d3f/_galactic_target_8cpp.html" title="Definitions of the geocentric apparent coordinate reference system class." alt="" coords="1833,304,1967,331">
<area shape="rect" href="$df/d52/_wcs_8cpp.html" title="Definition of the topocentric apparent coordinate reference system class." alt="" coords="3100,379,3175,405">
<area shape="rect" href="$d0/db2/_appt_target_8cpp.html" title="Definition of the Az,El coordinate reference system class." alt="" coords="3612,379,3727,405">
<area shape="rect" href="$d0/d0d/_i_c_r_s_target_8cpp.html" title="Definition of the topocentric apparent coordinate reference system class." alt="" coords="3751,379,3868,405">
<area shape="rect" href="$d3/d59/_kernel_topo_appt_ref_sys_8h.html" title="Definition of the topocentric apparent coordinate reference system class." alt="" coords="3415,379,3588,405">
<area shape="rect" href="$db/d7b/_topo_appt_target_8cpp.html" title="Definition of the topocentric apparent coordinate reference system class." alt="" coords="3247,379,3391,405">
<area shape="rect" href="$d0/d45/_f_k5_target_8cpp.html" title="Definitions of the FK5 coordinate reference system classes." alt="" coords="3751,229,3860,256">
<area shape="rect" href="$d8/d07/_i_c_ref_sys_8cpp.html" title="Definitions of the FK5 coordinate reference system classes." alt="" coords="3572,229,3676,256">
<area shape="rect" href="$d1/d27/_kernel_i_c_ref_sys_8h.html" title="Definitions of the international coordinate reference system class." alt="" coords="3217,155,3345,181">
<area shape="rect" href="$d0/d1c/_point_cat_8cpp.html" title="Definitions of the international coordinate reference system class." alt="" coords="3507,155,3605,181">
<area shape="rect" href="$de/dbe/_appt_ref_sys_8cpp.html" title="Definitions of the Geocentric Apparent coordinate reference system classes." alt="" coords="3175,304,3295,331">
<area shape="rect" href="$d3/d90/_kernel_appt_ref_sys_8h.html" title="Definitions of the Geocentric Apparent coordinate reference system classes." alt="" coords="3052,229,3193,256">
<area shape="rect" href="$dc/d98/_az_el_target_8cpp.html" title="Definition of the Az,El coordinate reference system class." alt="" coords="2985,304,3100,331">
<area shape="rect" href="$d6/d73/_az_el_ref_sys_8cpp.html" title="Definition of the Az,El coordinate reference system class." alt="" coords="2639,379,2759,405">
<area shape="rect" href="$dc/d84/_kernel_az_el_ref_sys_8h.html" title="Definition of the Az,El coordinate reference system class." alt="" coords="2481,304,2623,331">
<area shape="rect" href="$d7/d04/_f_k5_ref_sys_8cpp.html" title="Definitions of the FK5 coordinate reference system classes." alt="" coords="4080,304,4195,331">
<area shape="rect" href="$d3/d04/_kernel_f_k5_ref_sys_8h.html" title="Definitions of the FK5 coordinate reference system classes." alt="" coords="4036,229,4175,256">
