<area shape="rect" href="$d9/d8b/_coordinates_8h.html" title="Definition of the kernel az,el coordinate reference system class." alt="" coords="127,677,231,704">
<area shape="rect" href="$d1/d76/_az_el_ref_sys_8h.html" title="Definition of the kernel az,el coordinate reference system class." alt="" coords="415,80,519,107">
<area shape="rect" href="$de/d9b/_tcs_lib_8h.html" title="Definition of the coordinate reference system class." alt="" coords="701,603,776,629">
<area shape="rect" href="$db/dca/_tcspk_ref_sys_8h.html" title="Definition of the kernel az,el coordinate reference system class." alt="" coords="707,453,819,480">
<area shape="rect" title="Definitions of coordinate classes." alt="" coords="149,752,208,779">
<area shape="rect" href="$d5/dff/_appt_ref_sys_8h.html" title="Definition of the Az,El coordinate reference system class." alt="" coords="309,155,413,181">
<area shape="rect" href="$d8/dc1/_ref_sys_8h.html" title="Definitions of the international coordinate reference system class." alt="" coords="143,528,217,555">
<area shape="rect" href="$d3/df3/_az_el_target_8h.html" title="Definition of the Az,El coordinate reference system class." alt="" coords="589,304,691,331">
<area shape="rect" href="$d9/d6c/_i_c_ref_sys_8h.html" title="Definitions of the Geocentric Apparent coordinate reference system classes." alt="" coords="316,229,407,256">
<area shape="rect" href="$d7/d58/_appt_target_8h.html" title="Definitions of the Geocentric Apparent coordinate reference system classes." alt="" coords="464,304,565,331">
<area shape="rect" title="Definitions of the international coordinate reference system class." alt="" coords="379,379,432,405">
<area shape="rect" href="$dd/d5e/_i_c_r_s_target_8h.html" title="Definitions of the international coordinate reference system class." alt="" coords="285,304,389,331">
<area shape="rect" title="Definition of the coordinate reference system class." alt="" coords="557,603,627,629">
<area shape="rect" title="Definition of the coordinate reference system class." alt="" coords="736,677,816,704">
<area shape="rect" title="Definition of the coordinate reference system class." alt="" coords="144,603,213,629">
<area shape="rect" title="Definition of the TcsLib class." alt="" coords="661,677,712,704">
<area shape="rect" href="$d3/d6a/_tracking_target_8h.html" title="Definition of the international coordinate reference system target class." alt="" coords="456,379,579,405">
<area shape="rect" href="$d0/d32/_target_8h.html" title="Definition of the tracking target class." alt="" coords="421,453,493,480">
<area shape="rect" href="$d1/d01/_site_8h.html" title="Definition of the target class." alt="" coords="429,528,485,555">
<area shape="rect" href="$d3/d51/_tcs_mutex_8h.html" title="Definition of the site class." alt="" coords="389,603,483,629">
<area shape="rect" href="$d2/dfa/_kernel_ref_sys_8h.html" title="Definition of the tcspk tracking coordinate reference system class." alt="" coords="560,528,675,555">
