<area shape="rect" href="$d8/d49/_galactic_ref_sys_8h.html" title="Definition of the galactic target class." alt="" coords="812,80,937,107">
<area shape="rect" href="$de/de4/tpk_8h.html" title="Definition of the topocentric apparent coordinate reference system class." alt="" coords="5,229,56,256">
<area shape="rect" href="$d7/d9b/_galactic_ref_sys_8cpp.html" title="Definitions of the geocentric apparent coordinate reference system class." alt="" coords="1075,229,1213,256">
<area shape="rect" href="$d5/d3f/_galactic_target_8cpp.html" title="Definitions of the geocentric apparent coordinate reference system class." alt="" coords="1031,155,1164,181">
<area shape="rect" href="$dd/d2e/_topo_appt_ref_sys_8h.html" title="Definitions of the geocentric apparent coordinate reference system class." alt="" coords="357,155,493,181">
<area shape="rect" href="$df/d52/_wcs_8cpp.html" title="Definition of the topocentric apparent coordinate reference system class." alt="" coords="776,229,851,256">
<area shape="rect" href="$dd/d1f/_kernel_galactic_ref_sys_8h.html" title="Definitions of the geocentric apparent coordinate reference system class." alt="" coords="793,155,956,181">
<area shape="rect" href="$d0/db2/_appt_target_8cpp.html" title="Definition of the topocentric apparent coordinate reference system class." alt="" coords="299,229,413,256">
<area shape="rect" href="$d0/d0d/_i_c_r_s_target_8cpp.html" title="Definition of the topocentric apparent coordinate reference system class." alt="" coords="437,229,555,256">
<area shape="rect" href="$d3/d59/_kernel_topo_appt_ref_sys_8h.html" title="Definition of the topocentric apparent coordinate reference system class." alt="" coords="579,229,752,256">
<area shape="rect" href="$d5/de1/_topo_appt_ref_sys_8cpp.html" title="Definition of the kernel topocentric apparent coordinate reference system class." alt="" coords="304,304,453,331">
<area shape="rect" href="$db/d7b/_topo_appt_target_8cpp.html" title="Definition of the topocentric apparent coordinate reference system class." alt="" coords="131,229,275,256">
<area shape="rect" href="$d3/d04/_kernel_galactic_ref_sys_8cpp.html" title="Definition of the kernel galactic reference system class." alt="" coords="875,229,1051,256">
