<area shape="rect" href="$d9/d8b/_coordinates_8h.html" title="Definitions of the kernel international coordinate reference system class." alt="" coords="164,603,268,629">
<area shape="rect" href="$d9/d6c/_i_c_ref_sys_8h.html" title="Definitions of the kernel international coordinate reference system class." alt="" coords="559,80,649,107">
<area shape="rect" href="$de/d9b/_tcs_lib_8h.html" title="Definition of the coordinate reference system class." alt="" coords="651,528,725,555">
<area shape="rect" href="$db/dca/_tcspk_ref_sys_8h.html" title="Definitions of the kernel international coordinate reference system class." alt="" coords="664,379,776,405">
<area shape="rect" title="Definitions of coordinate classes." alt="" coords="187,677,245,704">
<area shape="rect" title="Definitions of the international coordinate reference system class." alt="" coords="661,304,715,331">
<area shape="rect" href="$d5/dff/_appt_ref_sys_8h.html" title="Definitions of the international coordinate reference system class." alt="" coords="503,155,607,181">
<area shape="rect" href="$d8/dc1/_ref_sys_8h.html" title="Definition of the target class." alt="" coords="360,453,435,480">
<area shape="rect" href="$dd/d5e/_i_c_r_s_target_8h.html" title="Definitions of the international coordinate reference system class." alt="" coords="611,229,715,256">
<area shape="rect" href="$d7/d58/_appt_target_8h.html" title="Definitions of the Geocentric Apparent coordinate reference system classes." alt="" coords="485,229,587,256">
<area shape="rect" title="Definition of the geocentric apparent target class." alt="" coords="723,603,803,629">
<area shape="rect" href="$d3/d6a/_tracking_target_8h.html" title="Definition of the geocentric apparent target class." alt="" coords="237,304,360,331">
<area shape="rect" href="$d0/d32/_target_8h.html" title="Definition of the tracking target class." alt="" coords="263,379,335,405">
<area shape="rect" title="Definition of the target class." alt="" coords="456,528,525,555">
<area shape="rect" href="$d1/d01/_site_8h.html" title="Definition of the target class." alt="" coords="229,453,285,480">
<area shape="rect" href="$d3/d51/_tcs_mutex_8h.html" title="Definition of the site class." alt="" coords="144,528,237,555">
<area shape="rect" title="Definition of the coordinate reference system class." alt="" coords="363,528,432,555">
<area shape="rect" title="Definition of the TcsLib class." alt="" coords="648,603,699,629">
<area shape="rect" href="$d2/dfa/_kernel_ref_sys_8h.html" title="Definition of the tcspk tracking coordinate reference system class." alt="" coords="459,453,573,480">
