<area shape="rect" title="Definition of the kernel galactic reference system class." alt="" coords="211,677,291,704">
<area shape="rect" href="$d8/d49/_galactic_ref_sys_8h.html" title="Definition of the kernel galactic reference system class." alt="" coords="281,80,407,107">
<area shape="rect" href="$d8/dc1/_ref_sys_8h.html" title="Definition of the target class." alt="" coords="253,528,328,555">
<area shape="rect" href="$d1/d27/_kernel_i_c_ref_sys_8h.html" title="Definition of the kernel galactic reference system class." alt="" coords="752,80,880,107">
<area shape="rect" href="$d2/dfa/_kernel_ref_sys_8h.html" title="Definition of the tcspk tracking coordinate reference system class." alt="" coords="955,528,1069,555">
<area shape="rect" href="$d9/d6c/_i_c_ref_sys_8h.html" title="Definitions of the geocentric apparent coordinate reference system class." alt="" coords="485,155,576,181">
<area shape="rect" href="$d1/d3d/_galactic_target_8h.html" title="Definitions of the geocentric apparent coordinate reference system class." alt="" coords="284,229,404,256">
<area shape="rect" title="Definitions of the international coordinate reference system class." alt="" coords="655,379,708,405">
<area shape="rect" href="$d5/dff/_appt_ref_sys_8h.html" title="Definitions of the international coordinate reference system class." alt="" coords="479,229,583,256">
<area shape="rect" href="$dd/d5e/_i_c_r_s_target_8h.html" title="Definitions of the international coordinate reference system class." alt="" coords="384,304,488,331">
<area shape="rect" href="$d7/d58/_appt_target_8h.html" title="Definitions of the Geocentric Apparent coordinate reference system classes." alt="" coords="563,304,664,331">
<area shape="rect" href="$d3/d6a/_tracking_target_8h.html" title="Definition of the geocentric apparent target class." alt="" coords="457,379,580,405">
<area shape="rect" href="$d9/d8b/_coordinates_8h.html" title="Definition of the tracking target class." alt="" coords="693,677,797,704">
<area shape="rect" href="$d0/d32/_target_8h.html" title="Definition of the tracking target class." alt="" coords="457,453,529,480">
<area shape="rect" title="Definitions of coordinate classes." alt="" coords="716,752,775,779">
<area shape="rect" title="Definition of the target class." alt="" coords="456,603,525,629">
<area shape="rect" href="$de/d9b/_tcs_lib_8h.html" title="Definition of the coordinate reference system class." alt="" coords="841,603,916,629">
<area shape="rect" href="$d1/d01/_site_8h.html" title="Definition of the target class." alt="" coords="352,528,408,555">
<area shape="rect" href="$d3/d51/_tcs_mutex_8h.html" title="Definition of the site class." alt="" coords="339,603,432,629">
<area shape="rect" title="Definition of the coordinate reference system class." alt="" coords="144,603,213,629">
<area shape="rect" title="Definition of the TcsLib class." alt="" coords="853,677,904,704">
<area shape="rect" href="$db/dca/_tcspk_ref_sys_8h.html" title="Definitions of the kernel international coordinate reference system class." alt="" coords="904,453,1016,480">
