<area shape="rect" href="$d6/dfb/_f_k5_target_8h.html" title="Implementation of the FK5 target class." alt="" coords="272,304,368,331">
<area shape="rect" title="Definition of the FK5 target class." alt="" coords="233,677,313,704">
<area shape="rect" title="Definition of the FK5 target class." alt="" coords="132,379,185,405">
<area shape="rect" href="$d1/d01/_site_8h.html" title="Definition of the target class." alt="" coords="399,528,455,555">
<area shape="rect" title="Implementation of the FK5 target class." alt="" coords="221,80,285,107">
<area shape="rect" href="$dc/d0a/_f_k5_ref_sys_8h.html" title="Implementation of the FK5 target class." alt="" coords="309,80,411,107">
<area shape="rect" href="$d9/d6c/_i_c_ref_sys_8h.html" title="Definitions of the FK5 coordinate reference system classes." alt="" coords="397,155,488,181">
<area shape="rect" href="$dd/d5e/_i_c_r_s_target_8h.html" title="Definitions of the international coordinate reference system class." alt="" coords="43,304,147,331">
<area shape="rect" href="$d3/d6a/_tracking_target_8h.html" title="Definition of the FK5 target class." alt="" coords="311,379,433,405">
<area shape="rect" href="$d9/d8b/_coordinates_8h.html" title="Definition of the tracking target class." alt="" coords="549,677,653,704">
<area shape="rect" href="$d0/d32/_target_8h.html" title="Definition of the tracking target class." alt="" coords="472,453,544,480">
<area shape="rect" title="Definitions of coordinate classes." alt="" coords="572,752,631,779">
<area shape="rect" title="Definition of the target class." alt="" coords="580,603,649,629">
<area shape="rect" href="$d8/dc1/_ref_sys_8h.html" title="Definition of the target class." alt="" coords="681,528,756,555">
<area shape="rect" href="$de/d9b/_tcs_lib_8h.html" title="Definition of the coordinate reference system class." alt="" coords="724,603,799,629">
<area shape="rect" href="$d3/d51/_tcs_mutex_8h.html" title="Definition of the site class." alt="" coords="412,603,505,629">
<area shape="rect" title="Definition of the coordinate reference system class." alt="" coords="823,603,892,629">
<area shape="rect" title="Definition of the TcsLib class." alt="" coords="736,677,787,704">
<area shape="rect" href="$d5/dff/_appt_ref_sys_8h.html" title="Definitions of the international coordinate reference system class." alt="" coords="391,229,495,256">
<area shape="rect" href="$d7/d58/_appt_target_8h.html" title="Definitions of the Geocentric Apparent coordinate reference system classes." alt="" coords="392,304,493,331">
