<area shape="rect" href="$d1/d76/_az_el_ref_sys_8h.html" title="Definition of the az,el target class." alt="" coords="705,80,809,107">
<area shape="rect" href="$d0/db2/_appt_target_8cpp.html" title="Definition of the Az,El coordinate reference system class." alt="" coords="448,229,563,256">
<area shape="rect" href="$d0/d0d/_i_c_r_s_target_8cpp.html" title="Definition of the topocentric apparent coordinate reference system class." alt="" coords="1101,229,1219,256">
<area shape="rect" href="$de/de4/tpk_8h.html" title="Definition of the topocentric apparent coordinate reference system class." alt="" coords="1243,229,1293,256">
<area shape="rect" href="$d6/d73/_az_el_ref_sys_8cpp.html" title="Definition of the Az,El coordinate reference system class." alt="" coords="5,229,125,256">
<area shape="rect" href="$dc/d98/_az_el_target_8cpp.html" title="Definition of the Az,El coordinate reference system class." alt="" coords="951,155,1065,181">
<area shape="rect" href="$dd/d2e/_topo_appt_ref_sys_8h.html" title="Definition of the Az,El coordinate reference system class." alt="" coords="689,155,825,181">
<area shape="rect" href="$df/d52/_wcs_8cpp.html" title="Definition of the topocentric apparent coordinate reference system class." alt="" coords="587,229,661,256">
<area shape="rect" href="$dc/d84/_kernel_az_el_ref_sys_8h.html" title="Definition of the Az,El coordinate reference system class." alt="" coords="261,155,403,181">
<area shape="rect" href="$d3/d59/_kernel_topo_appt_ref_sys_8h.html" title="Definition of the topocentric apparent coordinate reference system class." alt="" coords="853,229,1027,256">
<area shape="rect" href="$d5/de1/_topo_appt_ref_sys_8cpp.html" title="Definition of the kernel topocentric apparent coordinate reference system class." alt="" coords="927,304,1076,331">
<area shape="rect" href="$db/d7b/_topo_appt_target_8cpp.html" title="Definition of the topocentric apparent coordinate reference system class." alt="" coords="685,229,829,256">
<area shape="rect" href="$dc/d62/_kernel_az_el_ref_sys_8cpp.html" title="Definition of the kernel az,el coordinate reference system class." alt="" coords="269,229,424,256">
<area shape="rect" href="$de/d03/_mount_vt_8cpp.html" title="Definition of the kernel az,el coordinate reference system class." alt="" coords="149,229,245,256">
