<area shape="rect" href="$d5/dff/_appt_ref_sys_8h.html" title="Definition of the topocentric apparent coordinate reference system class." alt="" coords="389,155,493,181">
<area shape="rect" href="$d9/d6c/_i_c_ref_sys_8h.html" title="Definitions of the Geocentric Apparent coordinate reference system classes." alt="" coords="396,229,487,256">
<area shape="rect" href="$d8/dc1/_ref_sys_8h.html" title="Definitions of the international coordinate reference system class." alt="" coords="120,528,195,555">
<area shape="rect" href="$d1/d76/_az_el_ref_sys_8h.html" title="Definition of the topocentric apparent coordinate reference system class." alt="" coords="300,80,404,107">
<area shape="rect" href="$dc/d0a/_f_k5_ref_sys_8h.html" title="Definition of the topocentric apparent coordinate reference system class." alt="" coords="568,155,669,181">
<area shape="rect" href="$d8/d49/_galactic_ref_sys_8h.html" title="Definition of the topocentric apparent coordinate reference system class." alt="" coords="189,155,315,181">
<area shape="rect" href="$d3/d57/_topo_appt_target_8h.html" title="Definition of the topocentric apparent coordinate reference system class." alt="" coords="947,304,1077,331">
<area shape="rect" href="$d7/d58/_appt_target_8h.html" title="Definitions of the Geocentric Apparent coordinate reference system classes." alt="" coords="701,304,803,331">
<area shape="rect" title="Definitions of the international coordinate reference system class." alt="" coords="613,379,667,405">
<area shape="rect" href="$dd/d5e/_i_c_r_s_target_8h.html" title="Definitions of the international coordinate reference system class." alt="" coords="523,304,627,331">
<area shape="rect" title="Definition of the coordinate reference system class." alt="" coords="176,603,245,629">
<area shape="rect" title="Definition of the coordinate reference system class." alt="" coords="687,677,767,704">
<area shape="rect" title="Definition of the coordinate reference system class." alt="" coords="83,603,152,629">
<area shape="rect" href="$d9/d8b/_coordinates_8h.html" title="Definition of the coordinate reference system class." alt="" coords="231,677,335,704">
<area shape="rect" href="$de/d9b/_tcs_lib_8h.html" title="Definition of the coordinate reference system class." alt="" coords="320,603,395,629">
<area shape="rect" title="Definitions of coordinate classes." alt="" coords="253,752,312,779">
<area shape="rect" title="Definition of the TcsLib class." alt="" coords="359,677,409,704">
<area shape="rect" href="$d3/d6a/_tracking_target_8h.html" title="Definition of the international coordinate reference system target class." alt="" coords="691,379,813,405">
<area shape="rect" href="$d0/d32/_target_8h.html" title="Definition of the tracking target class." alt="" coords="347,453,419,480">
<area shape="rect" href="$d1/d01/_site_8h.html" title="Definition of the target class." alt="" coords="483,528,539,555">
<area shape="rect" href="$d3/d51/_tcs_mutex_8h.html" title="Definition of the site class." alt="" coords="469,603,563,629">
<area shape="rect" href="$d3/df3/_az_el_target_8h.html" title="Definition of the Az,El coordinate reference system class." alt="" coords="397,304,499,331">
<area shape="rect" href="$d6/dfb/_f_k5_target_8h.html" title="Definitions of the FK5 coordinate reference system classes." alt="" coords="827,304,923,331">
<area shape="rect" href="$d1/d3d/_galactic_target_8h.html" title="Definitions of the geocentric apparent coordinate reference system class." alt="" coords="195,229,315,256">
