<area shape="rect" href="$d3/d57/_topo_appt_target_8h.html" title="Implementation of the topocentric apparent target class." alt="" coords="195,379,325,405">
<area shape="rect" title="Definition of the topocentric apparent target class." alt="" coords="443,752,523,779">
<area shape="rect" title="Definition of the topocentric apparent target class." alt="" coords="392,453,445,480">
<area shape="rect" href="$d1/d01/_site_8h.html" title="Definition of the target class." alt="" coords="144,603,200,629">
<area shape="rect" href="$d3/d51/_tcs_mutex_8h.html" title="Definition of the site class." alt="" coords="209,677,303,704">
<area shape="rect" title="Implementation of the topocentric apparent target class." alt="" coords="247,80,311,107">
<area shape="rect" href="$d5/dff/_appt_ref_sys_8h.html" title="Implementation of the topocentric apparent target class." alt="" coords="653,229,757,256">
<area shape="rect" href="$d7/d58/_appt_target_8h.html" title="Definitions of the Geocentric Apparent coordinate reference system classes." alt="" coords="349,379,451,405">
<area shape="rect" href="$dd/d2e/_topo_appt_ref_sys_8h.html" title="Implementation of the topocentric apparent target class." alt="" coords="681,80,817,107">
<area shape="rect" href="$d3/d6a/_tracking_target_8h.html" title="Definition of the topocentric apparent target class." alt="" coords="520,453,643,480">
<area shape="rect" href="$d9/d8b/_coordinates_8h.html" title="Definition of the tracking target class." alt="" coords="805,752,909,779">
<area shape="rect" href="$d0/d32/_target_8h.html" title="Definition of the tracking target class." alt="" coords="797,528,869,555">
<area shape="rect" title="Definitions of coordinate classes." alt="" coords="828,827,887,853">
<area shape="rect" title="Definition of the target class." alt="" coords="836,677,905,704">
<area shape="rect" href="$d8/dc1/_ref_sys_8h.html" title="Definition of the target class." alt="" coords="1027,603,1101,629">
<area shape="rect" href="$de/d9b/_tcs_lib_8h.html" title="Definition of the coordinate reference system class." alt="" coords="980,677,1055,704">
<area shape="rect" title="Definition of the coordinate reference system class." alt="" coords="1079,677,1148,704">
<area shape="rect" title="Definition of the TcsLib class." alt="" coords="992,752,1043,779">
<area shape="rect" href="$d9/d6c/_i_c_ref_sys_8h.html" title="Definitions of the Geocentric Apparent coordinate reference system classes." alt="" coords="777,304,868,331">
<area shape="rect" href="$dd/d5e/_i_c_r_s_target_8h.html" title="Definitions of the international coordinate reference system class." alt="" coords="771,379,875,405">
<area shape="rect" href="$d1/d76/_az_el_ref_sys_8h.html" title="Definition of the topocentric apparent coordinate reference system class." alt="" coords="653,155,757,181">
<area shape="rect" href="$dc/d0a/_f_k5_ref_sys_8h.html" title="Definition of the topocentric apparent coordinate reference system class." alt="" coords="832,229,933,256">
<area shape="rect" href="$d8/d49/_galactic_ref_sys_8h.html" title="Definition of the topocentric apparent coordinate reference system class." alt="" coords="1008,229,1133,256">
<area shape="rect" href="$d3/df3/_az_el_target_8h.html" title="Definition of the Az,El coordinate reference system class." alt="" coords="525,379,627,405">
<area shape="rect" href="$d6/dfb/_f_k5_target_8h.html" title="Definitions of the FK5 coordinate reference system classes." alt="" coords="651,379,747,405">
<area shape="rect" href="$d1/d3d/_galactic_target_8h.html" title="Definitions of the geocentric apparent coordinate reference system class." alt="" coords="1008,304,1128,331">
