<area shape="rect" href="$dc/d84/_kernel_az_el_ref_sys_8h.html" title="Implementation of the kernel az,el coordinate reference system class." alt="" coords="257,80,399,107">
<area shape="rect" title="Definition of the coordinate reference system class." alt="" coords="143,752,223,779">
<area shape="rect" href="$d9/d8b/_coordinates_8h.html" title="Definition of the kernel az,el coordinate reference system class." alt="" coords="757,752,861,779">
<area shape="rect" href="$d1/d76/_az_el_ref_sys_8h.html" title="Definition of the kernel az,el coordinate reference system class." alt="" coords="516,155,620,181">
<area shape="rect" href="$de/d9b/_tcs_lib_8h.html" title="Definition of the coordinate reference system class." alt="" coords="453,677,528,704">
<area shape="rect" href="$db/dca/_tcspk_ref_sys_8h.html" title="Definition of the kernel az,el coordinate reference system class." alt="" coords="224,528,336,555">
<area shape="rect" title="Definitions of coordinate classes." alt="" coords="780,827,839,853">
<area shape="rect" href="$d5/dff/_appt_ref_sys_8h.html" title="Definition of the Az,El coordinate reference system class." alt="" coords="645,229,749,256">
<area shape="rect" href="$d8/dc1/_ref_sys_8h.html" title="Definitions of the international coordinate reference system class." alt="" coords="771,603,845,629">
<area shape="rect" href="$d3/df3/_az_el_target_8h.html" title="Definition of the Az,El coordinate reference system class." alt="" coords="365,379,467,405">
<area shape="rect" href="$d9/d6c/_i_c_ref_sys_8h.html" title="Definitions of the Geocentric Apparent coordinate reference system classes." alt="" coords="652,304,743,331">
<area shape="rect" href="$d7/d58/_appt_target_8h.html" title="Definitions of the Geocentric Apparent coordinate reference system classes." alt="" coords="491,379,592,405">
<area shape="rect" title="Definitions of the international coordinate reference system class." alt="" coords="545,453,599,480">
<area shape="rect" href="$dd/d5e/_i_c_r_s_target_8h.html" title="Definitions of the international coordinate reference system class." alt="" coords="667,379,771,405">
<area shape="rect" title="Definition of the coordinate reference system class." alt="" coords="605,677,675,704">
<area shape="rect" title="Definition of the coordinate reference system class." alt="" coords="800,677,869,704">
<area shape="rect" title="Definition of the TcsLib class." alt="" coords="465,752,516,779">
<area shape="rect" href="$d3/d6a/_tracking_target_8h.html" title="Definition of the international coordinate reference system target class." alt="" coords="399,453,521,480">
<area shape="rect" href="$d0/d32/_target_8h.html" title="Definition of the tracking target class." alt="" coords="455,528,527,555">
<area shape="rect" href="$d1/d01/_site_8h.html" title="Definition of the target class." alt="" coords="245,603,301,629">
<area shape="rect" href="$d3/d51/_tcs_mutex_8h.html" title="Definition of the site class." alt="" coords="324,677,417,704">
<area shape="rect" href="$d2/dfa/_kernel_ref_sys_8h.html" title="Definition of the tcspk tracking coordinate reference system class." alt="" coords="528,603,643,629">
