<area shape="rect" href="$d6/d9e/_pointing_control_8h.html" title="Implementation of the PointingControl class." alt="" coords="1431,304,1553,331">
<area shape="rect" href="$de/d9b/_tcs_lib_8h.html" title="Definition of the PointingControl class." alt="" coords="940,379,1015,405">
<area shape="rect" href="$da/d2d/_filter_8h.html" title="Implementation of the PointingControl class." alt="" coords="1524,229,1585,256">
<area shape="rect" href="$d1/ddf/_mount_vt_8h.html" title="Implementation of the PointingControl class." alt="" coords="843,80,925,107">
<area shape="rect" href="$dc/dca/_trajectory_8h.html" title="Definition of the mount virtual telescope class." alt="" coords="5,155,99,181">
<area shape="rect" href="$d3/d51/_tcs_mutex_8h.html" title="Definition of the PointingControl class." alt="" coords="1312,379,1405,405">
<area shape="rect" href="$d9/d8b/_coordinates_8h.html" title="Definition of the PointingControl class." alt="" coords="851,453,955,480">
<area shape="rect" title="Definitions of coordinate classes." alt="" coords="873,528,932,555">
<area shape="rect" title="Definition of the TcsLib class." alt="" coords="368,453,448,480">
<area shape="rect" title="Definition of the TcsLib class." alt="" coords="979,453,1029,480">
<area shape="rect" title="Definition of the mount virtual telescope class." alt="" coords="601,379,671,405">
<area shape="rect" href="$d7/dcd/_base_vt_8h.html" title="Definition of the mount virtual telescope class." alt="" coords="696,155,771,181">
<area shape="rect" href="$d2/dfa/_kernel_ref_sys_8h.html" title="Definition of the BaseVt class." alt="" coords="556,304,671,331">
<area shape="rect" href="$d0/d32/_target_8h.html" title="Definition of the BaseVt class." alt="" coords="972,229,1044,256">
<area shape="rect" href="$d8/dc1/_ref_sys_8h.html" title="Definition of the target class." alt="" coords="847,304,921,331">
<area shape="rect" href="$de/d23/_mount_type_8h.html" title="Definition of the mount virtual telescope class." alt="" coords="1068,229,1167,256">
<area shape="rect" href="$d1/d7b/_pointing_model_8h.html" title="Definition of the mount virtual telescope class." alt="" coords="172,304,289,331">
<area shape="rect" href="$dd/d85/_pointing_origin_8h.html" title="Definition of the BaseVt class." alt="" coords="364,304,481,331">
<area shape="rect" href="$d1/d01/_site_8h.html" title="Definition of the target class." alt="" coords="1199,304,1255,331">
<area shape="rect" title="Definition of the coordinate reference system class." alt="" coords="796,379,865,405">
<area shape="rect" title="Defininition of the pointing model class." alt="" coords="241,379,295,405">
<area shape="rect" title="Defininition of the pointing model class." alt="" coords="159,379,217,405">
