<area shape="rect" href="$d9/d6c/_i_c_ref_sys_8h.html" title="Definitions of the Geocentric Apparent coordinate reference system classes." alt="" coords="80,80,171,107">
<area shape="rect" href="$d8/dc1/_ref_sys_8h.html" title="Definitions of the international coordinate reference system class." alt="" coords="41,379,116,405">
<area shape="rect" href="$d7/d58/_appt_target_8h.html" title="Definitions of the Geocentric Apparent coordinate reference system classes." alt="" coords="291,155,392,181">
<area shape="rect" title="Definitions of the international coordinate reference system class." alt="" coords="121,229,175,256">
<area shape="rect" href="$dd/d5e/_i_c_r_s_target_8h.html" title="Definitions of the international coordinate reference system class." alt="" coords="163,155,267,181">
<area shape="rect" title="Definition of the coordinate reference system class." alt="" coords="340,453,409,480">
<area shape="rect" title="Definition of the coordinate reference system class." alt="" coords="524,528,604,555">
<area shape="rect" title="Definition of the coordinate reference system class." alt="" coords="47,453,116,480">
<area shape="rect" href="$d9/d8b/_coordinates_8h.html" title="Definition of the coordinate reference system class." alt="" coords="16,528,120,555">
<area shape="rect" href="$de/d9b/_tcs_lib_8h.html" title="Definition of the coordinate reference system class." alt="" coords="191,453,265,480">
<area shape="rect" title="Definitions of coordinate classes." alt="" coords="39,603,97,629">
<area shape="rect" title="Definition of the TcsLib class." alt="" coords="203,528,253,555">
<area shape="rect" href="$d3/d6a/_tracking_target_8h.html" title="Definition of the international coordinate reference system target class." alt="" coords="199,229,321,256">
<area shape="rect" href="$d0/d32/_target_8h.html" title="Definition of the tracking target class." alt="" coords="224,304,296,331">
<area shape="rect" href="$d1/d01/_site_8h.html" title="Definition of the target class." alt="" coords="452,379,508,405">
<area shape="rect" href="$d3/d51/_tcs_mutex_8h.html" title="Definition of the site class." alt="" coords="433,453,527,480">
