<area shape="rect" href="$dd/d1f/_kernel_galactic_ref_sys_8h.html" title="Implementation of the kernel galactic reference system class." alt="" coords="263,80,425,107">
<area shape="rect" title="Implementation of the kernel galactic reference system class." alt="" coords="449,80,513,107">
<area shape="rect" title="Definition of the kernel galactic reference system class." alt="" coords="211,752,291,779">
<area shape="rect" href="$d8/d49/_galactic_ref_sys_8h.html" title="Definition of the kernel galactic reference system class." alt="" coords="281,155,407,181">
<area shape="rect" href="$d8/dc1/_ref_sys_8h.html" title="Definition of the target class." alt="" coords="253,603,328,629">
<area shape="rect" href="$d1/d27/_kernel_i_c_ref_sys_8h.html" title="Definition of the kernel galactic reference system class." alt="" coords="752,155,880,181">
<area shape="rect" href="$d2/dfa/_kernel_ref_sys_8h.html" title="Definition of the tcspk tracking coordinate reference system class." alt="" coords="955,603,1069,629">
<area shape="rect" href="$d9/d6c/_i_c_ref_sys_8h.html" title="Definitions of the geocentric apparent coordinate reference system class." alt="" coords="485,229,576,256">
<area shape="rect" href="$d1/d3d/_galactic_target_8h.html" title="Definitions of the geocentric apparent coordinate reference system class." alt="" coords="284,304,404,331">
<area shape="rect" title="Definitions of the international coordinate reference system class." alt="" coords="655,453,708,480">
<area shape="rect" href="$d5/dff/_appt_ref_sys_8h.html" title="Definitions of the international coordinate reference system class." alt="" coords="479,304,583,331">
<area shape="rect" href="$dd/d5e/_i_c_r_s_target_8h.html" title="Definitions of the international coordinate reference system class." alt="" coords="384,379,488,405">
<area shape="rect" href="$d7/d58/_appt_target_8h.html" title="Definitions of the Geocentric Apparent coordinate reference system classes." alt="" coords="563,379,664,405">
<area shape="rect" href="$d3/d6a/_tracking_target_8h.html" title="Definition of the geocentric apparent target class." alt="" coords="457,453,580,480">
<area shape="rect" href="$d9/d8b/_coordinates_8h.html" title="Definition of the tracking target class." alt="" coords="693,752,797,779">
<area shape="rect" href="$d0/d32/_target_8h.html" title="Definition of the tracking target class." alt="" coords="457,528,529,555">
<area shape="rect" title="Definitions of coordinate classes." alt="" coords="716,827,775,853">
<area shape="rect" title="Definition of the target class." alt="" coords="456,677,525,704">
<area shape="rect" href="$de/d9b/_tcs_lib_8h.html" title="Definition of the coordinate reference system class." alt="" coords="841,677,916,704">
<area shape="rect" href="$d1/d01/_site_8h.html" title="Definition of the target class." alt="" coords="352,603,408,629">
<area shape="rect" href="$d3/d51/_tcs_mutex_8h.html" title="Definition of the site class." alt="" coords="339,677,432,704">
<area shape="rect" title="Definition of the coordinate reference system class." alt="" coords="144,677,213,704">
<area shape="rect" title="Definition of the TcsLib class." alt="" coords="853,752,904,779">
<area shape="rect" href="$db/dca/_tcspk_ref_sys_8h.html" title="Definitions of the kernel international coordinate reference system class." alt="" coords="904,528,1016,555">
