<area shape="rect" title="Definition of the optics virtual telescope class." alt="" coords="737,379,817,405">
<area shape="rect" href="$d7/dcd/_base_vt_8h.html" title="Definition of the optics virtual telescope class." alt="" coords="481,80,556,107">
<area shape="rect" href="$d0/d32/_target_8h.html" title="Definition of the BaseVt class." alt="" coords="268,155,340,181">
<area shape="rect" href="$d3/d51/_tcs_mutex_8h.html" title="Definition of the site class." alt="" coords="5,304,99,331">
<area shape="rect" href="$dc/dca/_trajectory_8h.html" title="Definition of the optics virtual telescope class." alt="" coords="860,155,953,181">
<area shape="rect" title="Definition of the BaseVt class." alt="" coords="620,304,689,331">
<area shape="rect" href="$d9/d8b/_coordinates_8h.html" title="Definition of the BaseVt class." alt="" coords="320,379,424,405">
<area shape="rect" href="$d2/dfa/_kernel_ref_sys_8h.html" title="Definition of the BaseVt class." alt="" coords="461,229,576,256">
<area shape="rect" href="$dd/d85/_pointing_origin_8h.html" title="Definition of the BaseVt class." alt="" coords="701,229,819,256">
<area shape="rect" title="Definitions of coordinate classes." alt="" coords="343,453,401,480">
<area shape="rect" href="$de/d9b/_tcs_lib_8h.html" title="Definition of the kernel coordinate reference system class." alt="" coords="175,304,249,331">
<area shape="rect" title="Definition of the TcsLib class." alt="" coords="187,379,237,405">
<area shape="rect" href="$d8/dc1/_ref_sys_8h.html" title="Definition of the target class." alt="" coords="312,229,387,256">
<area shape="rect" href="$d1/d01/_site_8h.html" title="Definition of the target class." alt="" coords="232,229,288,256">
<area shape="rect" title="Definition of the coordinate reference system class." alt="" coords="324,304,393,331">
