<area shape="rect" title="Definition of the world coordinate system class." alt="" coords="300,229,380,256">
<area shape="rect" title="Definition of the world coordinate system class." alt="" coords="215,80,268,107">
<area shape="rect" title="Definition of the world coordinate system class." alt="" coords="292,80,351,107">
<area shape="rect" href="$d8/dc1/_ref_sys_8h.html" title="Definition of the world coordinate system class." alt="" coords="116,80,191,107">
<area shape="rect" title="Definition of the coordinate reference system class." alt="" coords="31,155,100,181">
<area shape="rect" title="Definition of the coordinate reference system class." alt="" coords="124,155,193,181">
<area shape="rect" href="$d9/d8b/_coordinates_8h.html" title="Definition of the coordinate reference system class." alt="" coords="17,229,121,256">
<area shape="rect" href="$de/d9b/_tcs_lib_8h.html" title="Definition of the coordinate reference system class." alt="" coords="217,155,292,181">
<area shape="rect" title="Definitions of coordinate classes." alt="" coords="40,304,99,331">
<area shape="rect" title="Definition of the TcsLib class." alt="" coords="225,229,276,256">
