<area shape="rect" title="Implementation of the tcspk coordinate reference system class." alt="" coords="65,304,145,331">
<area shape="rect" href="$de/d9b/_tcs_lib_8h.html" title="Implementation of the tcspk coordinate reference system class." alt="" coords="151,229,225,256">
<area shape="rect" href="$db/dca/_tcspk_ref_sys_8h.html" title="Implementation of the tcspk coordinate reference system class." alt="" coords="111,80,223,107">
<area shape="rect" href="$d9/d8b/_coordinates_8h.html" title="Definition of the TcsLib class." alt="" coords="277,304,381,331">
<area shape="rect" title="Definition of the TcsLib class." alt="" coords="169,304,220,331">
<area shape="rect" title="Definitions of coordinate classes." alt="" coords="300,379,359,405">
<area shape="rect" href="$d2/dfa/_kernel_ref_sys_8h.html" title="Definition of the tcspk tracking coordinate reference system class." alt="" coords="227,155,341,181">
<area shape="rect" title="Definition of the kernel coordinate reference system class." alt="" coords="249,229,319,256">
