<area shape="rect" href="$d3/df3/_az_el_target_8h.html" title="Implementation of the az,el target class." alt="" coords="500,304,601,331">
<area shape="rect" title="Definition of the az,el target class." alt="" coords="235,677,315,704">
<area shape="rect" title="Definition of the az,el target class." alt="" coords="212,379,265,405">
<area shape="rect" href="$d1/d01/_site_8h.html" title="Definition of the target class." alt="" coords="93,528,149,555">
<area shape="rect" href="$d3/d51/_tcs_mutex_8h.html" title="Definition of the site class." alt="" coords="144,603,237,629">
<area shape="rect" title="Implementation of the az,el target class." alt="" coords="247,80,303,107">
<area shape="rect" title="Implementation of the az,el target class." alt="" coords="327,80,391,107">
<area shape="rect" href="$d5/dff/_appt_ref_sys_8h.html" title="Implementation of the az,el target class." alt="" coords="376,155,480,181">
<area shape="rect" href="$d7/d58/_appt_target_8h.html" title="Definitions of the Geocentric Apparent coordinate reference system classes." alt="" coords="196,304,297,331">
<area shape="rect" href="$d1/d76/_az_el_ref_sys_8h.html" title="Implementation of the az,el target class." alt="" coords="465,80,569,107">
<area shape="rect" href="$d3/d6a/_tracking_target_8h.html" title="Definition of the az,el target class." alt="" coords="352,379,475,405">
<area shape="rect" href="$d9/d8b/_coordinates_8h.html" title="Definition of the tracking target class." alt="" coords="652,677,756,704">
<area shape="rect" href="$d0/d32/_target_8h.html" title="Definition of the tracking target class." alt="" coords="413,453,485,480">
<area shape="rect" title="Definitions of coordinate classes." alt="" coords="675,752,733,779">
<area shape="rect" title="Definition of the target class." alt="" coords="363,603,432,629">
<area shape="rect" href="$d8/dc1/_ref_sys_8h.html" title="Definition of the target class." alt="" coords="653,528,728,555">
<area shape="rect" href="$de/d9b/_tcs_lib_8h.html" title="Definition of the coordinate reference system class." alt="" coords="507,603,581,629">
<area shape="rect" title="Definition of the coordinate reference system class." alt="" coords="656,603,725,629">
<area shape="rect" title="Definition of the TcsLib class." alt="" coords="519,677,569,704">
<area shape="rect" href="$d9/d6c/_i_c_ref_sys_8h.html" title="Definitions of the Geocentric Apparent coordinate reference system classes." alt="" coords="383,229,473,256">
<area shape="rect" href="$dd/d5e/_i_c_r_s_target_8h.html" title="Definitions of the international coordinate reference system class." alt="" coords="372,304,476,331">
