<area shape="rect" href="$d1/d76/_az_el_ref_sys_8h.html" title="Implementation of the az,el coordinate reference system class." alt="" coords="475,155,579,181">
<area shape="rect" href="$d1/d01/_site_8h.html" title="Definition of the target class." alt="" coords="141,603,197,629">
<area shape="rect" href="$d3/df3/_az_el_target_8h.html" title="Definition of the Az,El coordinate reference system class." alt="" coords="55,379,156,405">
<area shape="rect" title="Implementation of the az,el coordinate reference system class." alt="" coords="772,80,836,107">
<area shape="rect" href="$dc/d84/_kernel_az_el_ref_sys_8h.html" title="Implementation of the az,el coordinate reference system class." alt="" coords="607,80,748,107">
<area shape="rect" href="$d5/dff/_appt_ref_sys_8h.html" title="Definition of the Az,El coordinate reference system class." alt="" coords="403,229,507,256">
<area shape="rect" href="$d8/dc1/_ref_sys_8h.html" title="Definitions of the international coordinate reference system class." alt="" coords="523,603,597,629">
<area shape="rect" href="$d9/d6c/_i_c_ref_sys_8h.html" title="Definitions of the Geocentric Apparent coordinate reference system classes." alt="" coords="327,304,417,331">
<area shape="rect" href="$d7/d58/_appt_target_8h.html" title="Definitions of the Geocentric Apparent coordinate reference system classes." alt="" coords="359,379,460,405">
<area shape="rect" title="Definitions of the international coordinate reference system class." alt="" coords="93,453,147,480">
<area shape="rect" href="$dd/d5e/_i_c_r_s_target_8h.html" title="Definitions of the international coordinate reference system class." alt="" coords="231,379,335,405">
<area shape="rect" title="Definition of the coordinate reference system class." alt="" coords="453,677,523,704">
<area shape="rect" title="Definition of the coordinate reference system class." alt="" coords="275,752,355,779">
<area shape="rect" title="Definition of the coordinate reference system class." alt="" coords="597,677,667,704">
<area shape="rect" href="$d9/d8b/_coordinates_8h.html" title="Definition of the coordinate reference system class." alt="" coords="677,752,781,779">
<area shape="rect" href="$de/d9b/_tcs_lib_8h.html" title="Definition of the coordinate reference system class." alt="" coords="893,677,968,704">
<area shape="rect" title="Definitions of coordinate classes." alt="" coords="700,827,759,853">
<area shape="rect" title="Definition of the TcsLib class." alt="" coords="905,752,956,779">
<area shape="rect" href="$d3/d6a/_tracking_target_8h.html" title="Definition of the international coordinate reference system target class." alt="" coords="221,453,344,480">
<area shape="rect" href="$d0/d32/_target_8h.html" title="Definition of the tracking target class." alt="" coords="389,528,461,555">
<area shape="rect" href="$d3/d51/_tcs_mutex_8h.html" title="Definition of the site class." alt="" coords="184,677,277,704">
<area shape="rect" href="$db/dca/_tcspk_ref_sys_8h.html" title="Definition of the kernel az,el coordinate reference system class." alt="" coords="797,528,909,555">
<area shape="rect" href="$d2/dfa/_kernel_ref_sys_8h.html" title="Definition of the tcspk tracking coordinate reference system class." alt="" coords="820,603,935,629">
