<area shape="rect" href="$d0/db9/classtpk_1_1_kernel_ref_sys.html" title="Virtual base class reference systems." alt="" coords="5,81,136,108">
<area shape="rect" href="$d7/d12/classtpk_1_1_kernel_galactic_ref_sys.html" title="IAU 1958 Galactic coordinate reference system." alt="" coords="184,56,363,83">
<area shape="rect" href="$d7/dac/classtpk_1_1_tcspk_ref_sys.html" title="Virtual base class for tcspk coordinate reference systems." alt="" coords="209,107,337,133">
<area shape="rect" href="$dc/d53/classtpk_1_1_kernel_appt_ref_sys.html" title="Geocentric Apparent Reference System." alt="" coords="427,5,584,32">
<area shape="rect" href="$d7/d55/classtpk_1_1_kernel_az_el_ref_sys.html" title="Az,El Reference System." alt="" coords="427,56,584,83">
<area shape="rect" href="$d8/d89/classtpk_1_1_kernel_f_k5_ref_sys.html" title="International Celestial Reference System." alt="" coords="428,107,583,133">
<area shape="rect" href="$da/d9d/classtpk_1_1_kernel_i_c_ref_sys.html" title="International Celestial Reference System." alt="" coords="433,157,577,184">
<area shape="rect" href="$d2/d91/classtpk_1_1_kernel_topo_appt_ref_sys.html" title="Topocentric Apparent Celestial Reference System." alt="" coords="412,208,599,235">
