<area shape="rect" href="$d7/dcd/_base_vt_8h.html" title="Definition of the kernel coordinate reference system class." alt="" coords="361,80,436,107">
<area shape="rect" href="$d1/ddf/_mount_vt_8h.html" title="Definition of the BaseVt class." alt="" coords="740,155,823,181">
<area shape="rect" href="$d8/d7c/_base_vt_8cpp.html" title="Definition of the mount virtual telescope class." alt="" coords="1297,229,1388,256">
<area shape="rect" href="$db/dca/_tcspk_ref_sys_8h.html" title="Definition of the kernel coordinate reference system class." alt="" coords="2049,80,2161,107">
<area shape="rect" href="$dd/d1f/_kernel_galactic_ref_sys_8h.html" title="Definitions of the kernel international coordinate reference system class." alt="" coords="2471,229,2633,256">
<area shape="rect" href="$de/de4/tpk_8h.html" title="Definition of the generic Alt/Az limit calculator class." alt="" coords="19,304,69,331">
<area shape="rect" href="$de/d1b/_kernel_wcs_8cpp.html" title="Definition of the mount virtual telescope class." alt="" coords="343,229,455,256">
<area shape="rect" href="$df/de5/_auto_guider_8h.html" title="Definition of the BaseVt class." alt="" coords="88,155,189,181">
<area shape="rect" href="$d0/dc0/_optics_vt_8h.html" title="Definition of the BaseVt class." alt="" coords="228,155,311,181">
<area shape="rect" href="$d0/dd0/_alt_az_limit_calc_8h.html" title="Definition of the mount virtual telescope class." alt="" coords="673,229,793,256">
<area shape="rect" href="$d5/de5/_alt_az_limit_calc_8cpp.html" title="Definition of the generic Alt/Az limit calculator class." alt="" coords="715,304,848,331">
<area shape="rect" href="$de/d5c/_auto_guider_8cpp.html" title="Definition of the mount virtual telescope class." alt="" coords="81,229,196,256">
<area shape="rect" href="$dd/dcc/_limit_calc_8cpp.html" title="Definition of the mount virtual telescope class." alt="" coords="868,229,969,256">
<area shape="rect" href="$de/d03/_mount_vt_8cpp.html" title="Definition of the mount virtual telescope class." alt="" coords="1412,229,1508,256">
<area shape="rect" href="$dc/d89/_optics_vt_8cpp.html" title="Definition of the mount virtual telescope class." alt="" coords="220,229,319,256">
<area shape="rect" href="$db/def/_pointing_control_8cpp.html" title="Definition of the mount virtual telescope class." alt="" coords="993,229,1132,256">
<area shape="rect" href="$de/d0a/_pointing_log_8cpp.html" title="Definition of the mount virtual telescope class." alt="" coords="1156,229,1273,256">
<area shape="rect" href="$d3/da6/_pointing_obs_8cpp.html" title="Definition of the mount virtual telescope class." alt="" coords="529,229,649,256">
<area shape="rect" href="$d3/d90/_kernel_appt_ref_sys_8h.html" title="Definition of the tcspk tracking coordinate reference system class." alt="" coords="2520,155,2661,181">
<area shape="rect" href="$dc/d84/_kernel_az_el_ref_sys_8h.html" title="Definition of the tcspk tracking coordinate reference system class." alt="" coords="1853,155,1995,181">
<area shape="rect" href="$d3/d04/_kernel_f_k5_ref_sys_8h.html" title="Definition of the tcspk tracking coordinate reference system class." alt="" coords="1677,155,1816,181">
<area shape="rect" href="$d1/d27/_kernel_i_c_ref_sys_8h.html" title="Definition of the tcspk tracking coordinate reference system class." alt="" coords="2216,155,2344,181">
<area shape="rect" href="$d3/d59/_kernel_topo_appt_ref_sys_8h.html" title="Definition of the tcspk tracking coordinate reference system class." alt="" coords="2019,155,2192,181">
<area shape="rect" href="$d3/d45/_tcspk_ref_sys_8cpp.html" title="Definition of the tcspk tracking coordinate reference system class." alt="" coords="2368,155,2496,181">
<area shape="rect" href="$de/dbe/_appt_ref_sys_8cpp.html" title="Definition of the kernel geocentric apparent coordinate reference system class." alt="" coords="2657,229,2777,256">
<area shape="rect" href="$d6/d73/_az_el_ref_sys_8cpp.html" title="Definition of the kernel az,el coordinate reference system class." alt="" coords="2025,229,2145,256">
<area shape="rect" href="$dc/d62/_kernel_az_el_ref_sys_8cpp.html" title="Definition of the kernel az,el coordinate reference system class." alt="" coords="1847,229,2001,256">
<area shape="rect" href="$d7/d04/_f_k5_ref_sys_8cpp.html" title="Definitions of the kernel FK5 coordinate reference system class." alt="" coords="1532,229,1647,256">
<area shape="rect" href="$de/dfc/_kernel_f_k5_ref_sys_8cpp.html" title="Definitions of the kernel FK5 coordinate reference system class." alt="" coords="1671,229,1823,256">
<area shape="rect" href="$d8/d07/_i_c_ref_sys_8cpp.html" title="Definitions of the kernel international coordinate reference system class." alt="" coords="2343,229,2447,256">
<area shape="rect" href="$d7/d9b/_galactic_ref_sys_8cpp.html" title="Definition of the kernel galactic reference system class." alt="" coords="2392,304,2531,331">
<area shape="rect" href="$d3/d04/_kernel_galactic_ref_sys_8cpp.html" title="Definition of the kernel galactic reference system class." alt="" coords="2555,304,2731,331">
<area shape="rect" href="$d5/de1/_topo_appt_ref_sys_8cpp.html" title="Definition of the kernel topocentric apparent coordinate reference system class." alt="" coords="2169,229,2319,256">
