<area shape="rect" href="$d0/db2/_appt_target_8cpp.html" title="Definition of the topocentric apparent coordinate reference system class." alt="" coords="5,80,120,107">
<area shape="rect" href="$d0/d0d/_i_c_r_s_target_8cpp.html" title="Definition of the topocentric apparent coordinate reference system class." alt="" coords="144,80,261,107">
<area shape="rect" href="$d3/d59/_kernel_topo_appt_ref_sys_8h.html" title="Definition of the topocentric apparent coordinate reference system class." alt="" coords="285,80,459,107">
<area shape="rect" href="$d5/de1/_topo_appt_ref_sys_8cpp.html" title="Definition of the kernel topocentric apparent coordinate reference system class." alt="" coords="359,155,508,181">
<area shape="rect" href="$db/d7b/_topo_appt_target_8cpp.html" title="Definition of the topocentric apparent coordinate reference system class." alt="" coords="533,80,677,107">
<area shape="rect" href="$de/de4/tpk_8h.html" title="Definition of the topocentric apparent coordinate reference system class." alt="" coords="701,80,752,107">
<area shape="rect" href="$df/d52/_wcs_8cpp.html" title="Definition of the topocentric apparent coordinate reference system class." alt="" coords="776,80,851,107">
