<area shape="rect" href="$d3/d57/_topo_appt_target_8h.html" title="Definitions of the solar system target classes." alt="" coords="55,80,185,107">
<area shape="rect" href="$d0/d32/_target_8h.html" title="Definition of the tracking target class." alt="" coords="320,229,392,256">
<area shape="rect" title="Definition of the topocentric apparent target class." alt="" coords="149,453,229,480">
<area shape="rect" title="Definition of the topocentric apparent target class." alt="" coords="100,155,153,181">
<area shape="rect" href="$d3/d6a/_tracking_target_8h.html" title="Definition of the topocentric apparent target class." alt="" coords="295,155,417,181">
<area shape="rect" href="$d9/d8b/_coordinates_8h.html" title="Definition of the tracking target class." alt="" coords="544,453,648,480">
<area shape="rect" title="Definitions of coordinate classes." alt="" coords="567,528,625,555">
<area shape="rect" title="Definition of the target class." alt="" coords="561,379,631,405">
<area shape="rect" href="$d8/dc1/_ref_sys_8h.html" title="Definition of the target class." alt="" coords="404,304,479,331">
<area shape="rect" href="$de/d9b/_tcs_lib_8h.html" title="Definition of the coordinate reference system class." alt="" coords="319,379,393,405">
<area shape="rect" href="$d1/d01/_site_8h.html" title="Definition of the target class." alt="" coords="169,304,225,331">
<area shape="rect" href="$d3/d51/_tcs_mutex_8h.html" title="Definition of the site class." alt="" coords="151,379,244,405">
<area shape="rect" title="Definition of the coordinate reference system class." alt="" coords="417,379,487,405">
<area shape="rect" title="Definition of the TcsLib class." alt="" coords="331,453,381,480">
