<area shape="rect" href="$d1/d3d/_galactic_target_8h.html" title="Implementation of the galactic target class." alt="" coords="199,229,319,256">
<area shape="rect" href="$dd/d5e/_i_c_r_s_target_8h.html" title="Definition of the galactic target class." alt="" coords="552,304,656,331">
<area shape="rect" title="Implementation of the galactic target class." alt="" coords="349,80,405,107">
<area shape="rect" title="Implementation of the galactic target class." alt="" coords="429,80,493,107">
<area shape="rect" href="$d8/d49/_galactic_ref_sys_8h.html" title="Implementation of the galactic target class." alt="" coords="149,80,275,107">
<area shape="rect" href="$d9/d6c/_i_c_ref_sys_8h.html" title="Definitions of the geocentric apparent coordinate reference system class." alt="" coords="432,155,523,181">
<area shape="rect" href="$d0/d32/_target_8h.html" title="Definition of the tracking target class." alt="" coords="419,453,491,480">
<area shape="rect" href="$d8/dc1/_ref_sys_8h.html" title="Definition of the target class." alt="" coords="192,528,267,555">
<area shape="rect" title="Definition of the international coordinate reference system target class." alt="" coords="584,677,664,704">
<area shape="rect" title="Definition of the international coordinate reference system target class." alt="" coords="667,379,720,405">
<area shape="rect" href="$d3/d6a/_tracking_target_8h.html" title="Definition of the international coordinate reference system target class." alt="" coords="469,379,592,405">
<area shape="rect" href="$d9/d8b/_coordinates_8h.html" title="Definition of the tracking target class." alt="" coords="295,677,399,704">
<area shape="rect" title="Definitions of coordinate classes." alt="" coords="317,752,376,779">
<area shape="rect" title="Definition of the target class." alt="" coords="299,603,368,629">
<area shape="rect" href="$de/d9b/_tcs_lib_8h.html" title="Definition of the coordinate reference system class." alt="" coords="149,603,224,629">
<area shape="rect" href="$d1/d01/_site_8h.html" title="Definition of the target class." alt="" coords="493,528,549,555">
<area shape="rect" href="$d3/d51/_tcs_mutex_8h.html" title="Definition of the site class." alt="" coords="443,603,536,629">
<area shape="rect" title="Definition of the coordinate reference system class." alt="" coords="5,603,75,629">
<area shape="rect" title="Definition of the TcsLib class." alt="" coords="161,677,212,704">
<area shape="rect" href="$d5/dff/_appt_ref_sys_8h.html" title="Definitions of the international coordinate reference system class." alt="" coords="425,229,529,256">
<area shape="rect" href="$d7/d58/_appt_target_8h.html" title="Definitions of the Geocentric Apparent coordinate reference system classes." alt="" coords="427,304,528,331">
