<area shape="rect" href="$d0/d32/_target_8h.html" title="Definition of the site class." alt="" coords="2863,85,2935,112">
<area shape="rect" href="$de/de4/tpk_8h.html" title="Definition of the generic Alt/Az limit calculator class." alt="" coords="2575,533,2625,560">
<area shape="rect" href="$de/d5c/_auto_guider_8cpp.html" title="Definition of the mount virtual telescope class." alt="" coords="3736,309,3851,336">
<area shape="rect" href="$d8/d7c/_base_vt_8cpp.html" title="Definition of the mount virtual telescope class." alt="" coords="2531,309,2621,336">
<area shape="rect" href="$dd/dcc/_limit_calc_8cpp.html" title="Definition of the mount virtual telescope class." alt="" coords="3925,309,4027,336">
<area shape="rect" href="$de/d03/_mount_vt_8cpp.html" title="Definition of the mount virtual telescope class." alt="" coords="2645,309,2741,336">
<area shape="rect" href="$de/d0a/_pointing_log_8cpp.html" title="Definition of the mount virtual telescope class." alt="" coords="3171,384,3288,411">
<area shape="rect" href="$d3/da6/_pointing_obs_8cpp.html" title="Definition of the mount virtual telescope class." alt="" coords="3720,384,3840,411">
<area shape="rect" href="$d0/db2/_appt_target_8cpp.html" title="Definition of the Az,El coordinate reference system class." alt="" coords="387,533,501,560">
<area shape="rect" href="$d6/d73/_az_el_ref_sys_8cpp.html" title="Definition of the Az,El coordinate reference system class." alt="" coords="955,533,1075,560">
<area shape="rect" href="$dc/d98/_az_el_target_8cpp.html" title="Definition of the Az,El coordinate reference system class." alt="" coords="767,533,881,560">
<area shape="rect" href="$d0/d0d/_i_c_r_s_target_8cpp.html" title="Definition of the topocentric apparent coordinate reference system class." alt="" coords="1349,533,1467,560">
<area shape="rect" href="$db/d7b/_topo_appt_target_8cpp.html" title="Definition of the topocentric apparent coordinate reference system class." alt="" coords="397,459,541,485">
<area shape="rect" href="$d0/d45/_f_k5_target_8cpp.html" title="Definitions of the FK5 coordinate reference system classes." alt="" coords="1675,384,1784,411">
<area shape="rect" href="$d0/d1c/_point_cat_8cpp.html" title="Definitions of the international coordinate reference system class." alt="" coords="1960,384,2059,411">
<area shape="rect" href="$da/d1a/_sol_sys_targets_8cpp.html" title="Definition of the international coordinate reference system target class." alt="" coords="2637,459,2771,485">
<area shape="rect" href="$d7/d9a/_planet_8cpp.html" title="Definition of the Planet class." alt="" coords="4224,533,4309,560">
<area shape="rect" href="$d7/d98/_spiral_target_8cpp.html" title="Definition of the spiral target class." alt="" coords="3123,235,3243,261">
<area shape="rect" href="$db/dea/_site_8cpp.html" title="Definition of the site class." alt="" coords="4355,85,4424,112">
<area shape="rect" href="$d6/d29/_time_keeper_8cpp.html" title="Definition of the site class." alt="" coords="4448,85,4568,112">
<area shape="rect" href="$d7/dcd/_base_vt_8h.html" title="Definition of the target class." alt="" coords="2976,160,3051,187">
<area shape="rect" href="$d1/ddf/_mount_vt_8h.html" title="Definition of the BaseVt class." alt="" coords="3016,235,3099,261">
<area shape="rect" href="$d0/dc0/_optics_vt_8h.html" title="Definition of the BaseVt class." alt="" coords="3532,235,3615,261">
<area shape="rect" href="$d3/d6a/_tracking_target_8h.html" title="Definition of the target class." alt="" coords="1787,160,1909,187">
<area shape="rect" href="$d1/d3d/_galactic_target_8h.html" title="Definition of the international coordinate reference system target class." alt="" coords="2235,309,2355,336">
<area shape="rect" href="$d2/d2f/_sol_sys_targets_8h.html" title="Definition of the topocentric apparent target class." alt="" coords="3576,384,3696,411">
<area shape="rect" href="$d3/d14/_spiral_target_8h.html" title="Definition of the target class." alt="" coords="2845,160,2952,187">
<area shape="rect" href="$d9/d38/_target_8cpp.html" title="Definition of the target class." alt="" coords="2632,160,2720,187">
<area shape="rect" href="$de/d1b/_kernel_wcs_8cpp.html" title="Definition of the mount virtual telescope class." alt="" coords="2867,309,2979,336">
<area shape="rect" href="$df/de5/_auto_guider_8h.html" title="Definition of the BaseVt class." alt="" coords="3317,235,3419,261">
<area shape="rect" href="$d0/dd0/_alt_az_limit_calc_8h.html" title="Definition of the mount virtual telescope class." alt="" coords="3368,309,3488,336">
<area shape="rect" href="$d5/de5/_alt_az_limit_calc_8cpp.html" title="Definition of the generic Alt/Az limit calculator class." alt="" coords="3419,384,3552,411">
<area shape="rect" href="$dc/d89/_optics_vt_8cpp.html" title="Definition of the mount virtual telescope class." alt="" coords="3613,309,3712,336">
<area shape="rect" href="$db/def/_pointing_control_8cpp.html" title="Definition of the mount virtual telescope class." alt="" coords="3053,309,3192,336">
<area shape="rect" href="$dd/d5e/_i_c_r_s_target_8h.html" title="Definition of the tracking target class." alt="" coords="1752,235,1856,261">
<area shape="rect" href="$d7/d58/_appt_target_8h.html" title="Definition of the tracking target class." alt="" coords="741,309,843,336">
<area shape="rect" href="$d3/df3/_az_el_target_8h.html" title="Definition of the tracking target class." alt="" coords="1117,384,1219,411">
<area shape="rect" href="$d6/dfb/_f_k5_target_8h.html" title="Definition of the tracking target class." alt="" coords="1961,309,2057,336">
<area shape="rect" href="$d3/d57/_topo_appt_target_8h.html" title="Definition of the tracking target class." alt="" coords="1395,309,1525,336">
<area shape="rect" href="$d9/dbe/_tracking_target_8cpp.html" title="Definition of the tracking target class." alt="" coords="1931,235,2069,261">
<area shape="rect" href="$d9/d6c/_i_c_ref_sys_8h.html" title="Definition of the international coordinate reference system target class." alt="" coords="1776,309,1867,336">
<area shape="rect" href="$d5/d3f/_galactic_target_8cpp.html" title="Definitions of the geocentric apparent coordinate reference system class." alt="" coords="2115,459,2248,485">
<area shape="rect" href="$d8/d07/_i_c_ref_sys_8cpp.html" title="Definitions of the FK5 coordinate reference system classes." alt="" coords="1547,384,1651,411">
<area shape="rect" href="$d5/dff/_appt_ref_sys_8h.html" title="Definitions of the international coordinate reference system class." alt="" coords="867,384,971,411">
<area shape="rect" href="$d8/d49/_galactic_ref_sys_8h.html" title="Definitions of the international coordinate reference system class." alt="" coords="2285,384,2411,411">
<area shape="rect" href="$de/dbe/_appt_ref_sys_8cpp.html" title="Definitions of the Geocentric Apparent coordinate reference system classes." alt="" coords="616,459,736,485">
<area shape="rect" href="$d1/d76/_az_el_ref_sys_8h.html" title="Definitions of the Geocentric Apparent coordinate reference system classes." alt="" coords="963,459,1067,485">
<area shape="rect" href="$d7/d9b/_galactic_ref_sys_8cpp.html" title="Definitions of the geocentric apparent coordinate reference system class." alt="" coords="2323,459,2461,485">
<area shape="rect" href="$df/dff/_planet_8h.html" title="Definitions of the solar system target classes." alt="" coords="3601,459,3671,485">
