<area shape="rect" href="$dc/d0a/_f_k5_ref_sys_8h.html" title="Definition of the FK5 target class." alt="" coords="612,80,713,107">
<area shape="rect" href="$d0/d0d/_i_c_r_s_target_8cpp.html" title="Definition of the topocentric apparent coordinate reference system class." alt="" coords="320,229,437,256">
<area shape="rect" href="$de/de4/tpk_8h.html" title="Definition of the topocentric apparent coordinate reference system class." alt="" coords="1115,229,1165,256">
<area shape="rect" href="$d7/d04/_f_k5_ref_sys_8cpp.html" title="Definitions of the FK5 coordinate reference system classes." alt="" coords="5,229,120,256">
<area shape="rect" href="$d0/d45/_f_k5_target_8cpp.html" title="Definitions of the FK5 coordinate reference system classes." alt="" coords="856,155,965,181">
<area shape="rect" href="$d0/d1c/_point_cat_8cpp.html" title="Definition of the FK5 target class." alt="" coords="1040,80,1139,107">
<area shape="rect" href="$dd/d2e/_topo_appt_ref_sys_8h.html" title="Definitions of the FK5 coordinate reference system classes." alt="" coords="595,155,731,181">
<area shape="rect" href="$df/d52/_wcs_8cpp.html" title="Definition of the topocentric apparent coordinate reference system class." alt="" coords="1016,229,1091,256">
<area shape="rect" href="$d3/d04/_kernel_f_k5_ref_sys_8h.html" title="Definitions of the FK5 coordinate reference system classes." alt="" coords="151,155,289,181">
<area shape="rect" href="$d8/d07/_i_c_ref_sys_8cpp.html" title="Definitions of the FK5 coordinate reference system classes." alt="" coords="416,155,520,181">
<area shape="rect" href="$d0/db2/_appt_target_8cpp.html" title="Definition of the topocentric apparent coordinate reference system class." alt="" coords="461,229,576,256">
<area shape="rect" href="$d3/d59/_kernel_topo_appt_ref_sys_8h.html" title="Definition of the topocentric apparent coordinate reference system class." alt="" coords="651,229,824,256">
<area shape="rect" href="$d5/de1/_topo_appt_ref_sys_8cpp.html" title="Definition of the kernel topocentric apparent coordinate reference system class." alt="" coords="600,304,749,331">
<area shape="rect" href="$db/d7b/_topo_appt_target_8cpp.html" title="Definition of the topocentric apparent coordinate reference system class." alt="" coords="848,229,992,256">
<area shape="rect" href="$de/dfc/_kernel_f_k5_ref_sys_8cpp.html" title="Definitions of the kernel FK5 coordinate reference system class." alt="" coords="144,229,296,256">
