<area shape="rect" href="$d1/ddf/_mount_vt_8h.html" title="Defininition of the pointing model class." alt="" coords="663,80,745,107">
<area shape="rect" href="$de/de4/tpk_8h.html" title="Definition of the generic Alt/Az limit calculator class." alt="" coords="201,229,252,256">
<area shape="rect" href="$de/d03/_mount_vt_8cpp.html" title="Definition of the mount virtual telescope class." alt="" coords="1349,155,1445,181">
<area shape="rect" href="$d2/d2a/_pointing_model_8cpp.html" title="Defininition of the pointing model class." alt="" coords="1520,80,1651,107">
<area shape="rect" href="$d0/dd0/_alt_az_limit_calc_8h.html" title="Definition of the mount virtual telescope class." alt="" coords="69,155,189,181">
<area shape="rect" href="$d5/de5/_alt_az_limit_calc_8cpp.html" title="Definition of the generic Alt/Az limit calculator class." alt="" coords="5,229,139,256">
<area shape="rect" href="$de/d5c/_auto_guider_8cpp.html" title="Definition of the mount virtual telescope class." alt="" coords="264,155,379,181">
<area shape="rect" href="$d8/d7c/_base_vt_8cpp.html" title="Definition of the mount virtual telescope class." alt="" coords="403,155,493,181">
<area shape="rect" href="$de/d1b/_kernel_wcs_8cpp.html" title="Definition of the mount virtual telescope class." alt="" coords="517,155,629,181">
<area shape="rect" href="$dd/dcc/_limit_calc_8cpp.html" title="Definition of the mount virtual telescope class." alt="" coords="653,155,755,181">
<area shape="rect" href="$dc/d89/_optics_vt_8cpp.html" title="Definition of the mount virtual telescope class." alt="" coords="779,155,877,181">
<area shape="rect" href="$db/def/_pointing_control_8cpp.html" title="Definition of the mount virtual telescope class." alt="" coords="901,155,1040,181">
<area shape="rect" href="$de/d0a/_pointing_log_8cpp.html" title="Definition of the mount virtual telescope class." alt="" coords="1064,155,1181,181">
<area shape="rect" href="$d3/da6/_pointing_obs_8cpp.html" title="Definition of the mount virtual telescope class." alt="" coords="1205,155,1325,181">
