<area shape="rect" href="$d7/d58/_appt_target_8h.html" title="Implementation of the geocentric apparent target class." alt="" coords="475,379,576,405">
<area shape="rect" title="Definition of the geocentric apparent target class." alt="" coords="445,752,525,779">
<area shape="rect" title="Definition of the geocentric apparent target class." alt="" coords="336,453,389,480">
<area shape="rect" href="$d1/d01/_site_8h.html" title="Definition of the target class." alt="" coords="661,603,717,629">
<area shape="rect" href="$d3/d51/_tcs_mutex_8h.html" title="Definition of the site class." alt="" coords="675,677,768,704">
<area shape="rect" title="Implementation of the geocentric apparent target class." alt="" coords="1304,80,1368,107">
<area shape="rect" href="$d1/d76/_az_el_ref_sys_8h.html" title="Implementation of the geocentric apparent target class." alt="" coords="595,155,699,181">
<area shape="rect" href="$d5/dff/_appt_ref_sys_8h.html" title="Definition of the Az,El coordinate reference system class." alt="" coords="645,229,749,256">
<area shape="rect" href="$d9/d6c/_i_c_ref_sys_8h.html" title="Definitions of the Geocentric Apparent coordinate reference system classes." alt="" coords="741,304,832,331">
<area shape="rect" href="$dd/d5e/_i_c_r_s_target_8h.html" title="Definitions of the international coordinate reference system class." alt="" coords="600,379,704,405">
<area shape="rect" href="$d3/df3/_az_el_target_8h.html" title="Definition of the Az,El coordinate reference system class." alt="" coords="144,379,245,405">
<area shape="rect" href="$dd/d2e/_topo_appt_ref_sys_8h.html" title="Implementation of the geocentric apparent target class." alt="" coords="681,80,817,107">
<area shape="rect" href="$d3/d57/_topo_appt_target_8h.html" title="Definition of the topocentric apparent coordinate reference system class." alt="" coords="269,379,400,405">
<area shape="rect" href="$d3/d6a/_tracking_target_8h.html" title="Definition of the geocentric apparent target class." alt="" coords="464,453,587,480">
<area shape="rect" href="$d9/d8b/_coordinates_8h.html" title="Definition of the tracking target class." alt="" coords="812,752,916,779">
<area shape="rect" href="$d0/d32/_target_8h.html" title="Definition of the tracking target class." alt="" coords="752,528,824,555">
<area shape="rect" title="Definitions of coordinate classes." alt="" coords="835,827,893,853">
<area shape="rect" title="Definition of the target class." alt="" coords="843,677,912,704">
<area shape="rect" href="$d8/dc1/_ref_sys_8h.html" title="Definition of the target class." alt="" coords="987,603,1061,629">
<area shape="rect" href="$de/d9b/_tcs_lib_8h.html" title="Definition of the coordinate reference system class." alt="" coords="987,677,1061,704">
<area shape="rect" title="Definition of the coordinate reference system class." alt="" coords="1085,677,1155,704">
<area shape="rect" title="Definition of the TcsLib class." alt="" coords="999,752,1049,779">
<area shape="rect" href="$dc/d0a/_f_k5_ref_sys_8h.html" title="Definition of the topocentric apparent coordinate reference system class." alt="" coords="875,229,976,256">
<area shape="rect" href="$d8/d49/_galactic_ref_sys_8h.html" title="Definition of the topocentric apparent coordinate reference system class." alt="" coords="1000,229,1125,256">
<area shape="rect" href="$d6/dfb/_f_k5_target_8h.html" title="Definitions of the FK5 coordinate reference system classes." alt="" coords="728,379,824,405">
<area shape="rect" href="$d1/d3d/_galactic_target_8h.html" title="Definitions of the geocentric apparent coordinate reference system class." alt="" coords="907,304,1027,331">
