<area shape="rect" href="$d9/d6c/_i_c_ref_sys_8h.html" title="Definitions of the geocentric apparent coordinate reference system class." alt="" coords="411,80,501,107">
<area shape="rect" href="$d8/dc1/_ref_sys_8h.html" title="Definition of the target class." alt="" coords="531,453,605,480">
<area shape="rect" href="$d1/d3d/_galactic_target_8h.html" title="Definitions of the geocentric apparent coordinate reference system class." alt="" coords="136,155,256,181">
<area shape="rect" title="Definitions of the international coordinate reference system class." alt="" coords="241,304,295,331">
<area shape="rect" href="$d5/dff/_appt_ref_sys_8h.html" title="Definitions of the international coordinate reference system class." alt="" coords="404,155,508,181">
<area shape="rect" href="$dd/d5e/_i_c_r_s_target_8h.html" title="Definitions of the international coordinate reference system class." alt="" coords="225,229,329,256">
<area shape="rect" href="$d7/d58/_appt_target_8h.html" title="Definitions of the Geocentric Apparent coordinate reference system classes." alt="" coords="404,229,505,256">
<area shape="rect" title="Definition of the geocentric apparent target class." alt="" coords="67,603,147,629">
<area shape="rect" href="$d3/d6a/_tracking_target_8h.html" title="Definition of the geocentric apparent target class." alt="" coords="375,304,497,331">
<area shape="rect" href="$d9/d8b/_coordinates_8h.html" title="Definition of the tracking target class." alt="" coords="504,603,608,629">
<area shape="rect" href="$d0/d32/_target_8h.html" title="Definition of the tracking target class." alt="" coords="168,379,240,405">
<area shape="rect" title="Definitions of coordinate classes." alt="" coords="527,677,585,704">
<area shape="rect" title="Definition of the target class." alt="" coords="261,528,331,555">
<area shape="rect" href="$de/d9b/_tcs_lib_8h.html" title="Definition of the coordinate reference system class." alt="" coords="405,528,480,555">
<area shape="rect" href="$d1/d01/_site_8h.html" title="Definition of the target class." alt="" coords="111,453,167,480">
<area shape="rect" href="$d3/d51/_tcs_mutex_8h.html" title="Definition of the site class." alt="" coords="144,528,237,555">
<area shape="rect" title="Definition of the coordinate reference system class." alt="" coords="605,528,675,555">
<area shape="rect" title="Definition of the TcsLib class." alt="" coords="417,603,468,629">
