<area shape="rect" href="$d9/d8b/_coordinates_8h.html" title="Definition of the kernel topocentric apparent coordinate reference system class." alt="" coords="1243,752,1347,779">
<area shape="rect" href="$dd/d2e/_topo_appt_ref_sys_8h.html" title="Definition of the kernel topocentric apparent coordinate reference system class." alt="" coords="569,80,705,107">
<area shape="rect" href="$de/d9b/_tcs_lib_8h.html" title="Definition of the coordinate reference system class." alt="" coords="1433,677,1508,704">
<area shape="rect" href="$db/dca/_tcspk_ref_sys_8h.html" title="Definition of the kernel topocentric apparent coordinate reference system class." alt="" coords="1325,528,1437,555">
<area shape="rect" title="Definitions of coordinate classes." alt="" coords="1265,827,1324,853">
<area shape="rect" href="$d5/dff/_appt_ref_sys_8h.html" title="Definition of the topocentric apparent coordinate reference system class." alt="" coords="521,229,625,256">
<area shape="rect" href="$d9/d6c/_i_c_ref_sys_8h.html" title="Definitions of the Geocentric Apparent coordinate reference system classes." alt="" coords="741,304,832,331">
<area shape="rect" href="$d8/dc1/_ref_sys_8h.html" title="Definitions of the international coordinate reference system class." alt="" coords="917,603,992,629">
<area shape="rect" href="$d1/d76/_az_el_ref_sys_8h.html" title="Definition of the topocentric apparent coordinate reference system class." alt="" coords="327,155,431,181">
<area shape="rect" href="$dc/d0a/_f_k5_ref_sys_8h.html" title="Definition of the topocentric apparent coordinate reference system class." alt="" coords="649,229,751,256">
<area shape="rect" href="$d8/d49/_galactic_ref_sys_8h.html" title="Definition of the topocentric apparent coordinate reference system class." alt="" coords="944,229,1069,256">
<area shape="rect" href="$d3/d57/_topo_appt_target_8h.html" title="Definition of the topocentric apparent coordinate reference system class." alt="" coords="195,379,325,405">
<area shape="rect" href="$d7/d58/_appt_target_8h.html" title="Definitions of the Geocentric Apparent coordinate reference system classes." alt="" coords="525,379,627,405">
<area shape="rect" title="Definitions of the international coordinate reference system class." alt="" coords="584,453,637,480">
<area shape="rect" href="$dd/d5e/_i_c_r_s_target_8h.html" title="Definitions of the international coordinate reference system class." alt="" coords="821,379,925,405">
<area shape="rect" title="Definition of the coordinate reference system class." alt="" coords="969,677,1039,704">
<area shape="rect" title="Definition of the coordinate reference system class." alt="" coords="647,752,727,779">
<area shape="rect" title="Definition of the coordinate reference system class." alt="" coords="825,677,895,704">
<area shape="rect" title="Definition of the TcsLib class." alt="" coords="1445,752,1496,779">
<area shape="rect" href="$d3/d6a/_tracking_target_8h.html" title="Definition of the international coordinate reference system target class." alt="" coords="437,453,560,480">
<area shape="rect" href="$d0/d32/_target_8h.html" title="Definition of the tracking target class." alt="" coords="1152,528,1224,555">
<area shape="rect" href="$d1/d01/_site_8h.html" title="Definition of the target class." alt="" coords="1067,603,1123,629">
<area shape="rect" href="$d3/d51/_tcs_mutex_8h.html" title="Definition of the site class." alt="" coords="1113,677,1207,704">
<area shape="rect" href="$d3/df3/_az_el_target_8h.html" title="Definition of the Az,El coordinate reference system class." alt="" coords="400,379,501,405">
<area shape="rect" href="$d6/dfb/_f_k5_target_8h.html" title="Definitions of the FK5 coordinate reference system classes." alt="" coords="651,379,747,405">
<area shape="rect" href="$d1/d3d/_galactic_target_8h.html" title="Definitions of the geocentric apparent coordinate reference system class." alt="" coords="1101,304,1221,331">
<area shape="rect" href="$d2/dfa/_kernel_ref_sys_8h.html" title="Definition of the tcspk tracking coordinate reference system class." alt="" coords="1349,603,1464,629">
