<area shape="rect" href="$d7/dc9/classtpk_1_1_cassegrain.html" title="Cassegrain focus rotator location." alt="" coords="177,5,292,32">
<area shape="rect" href="$d2/d86/classtpk_1_1_coude_left.html" title="left coude rotator location" alt="" coords="180,56,289,83">
<area shape="rect" href="$d1/de8/classtpk_1_1_coude_right.html" title="Right coude rotator location." alt="" coords="176,107,293,133">
<area shape="rect" href="$dc/dd8/classtpk_1_1_gregorian.html" title="Gregorian focus rotator location." alt="" coords="181,157,288,184">
<area shape="rect" href="$da/d8b/classtpk_1_1_nasmyth_left.html" title="Left Nasmyth rotator location." alt="" coords="173,208,296,235">
<area shape="rect" href="$db/d81/classtpk_1_1_nasmyth_right.html" title="Right Nasmyth rotator location." alt="" coords="168,259,301,285">
<area shape="rect" href="$d8/d74/classtpk_1_1_o_t_a.html" title="Generic Optical Telescope Assembly rotator location." alt="" coords="196,309,273,336">
<area shape="rect" href="$df/d43/classtpk_1_1_prime.html" title="Prime focus rotator location." alt="" coords="193,360,276,387">
