<area shape="rect" href="$d6/d95/_limit_calc_8h.html" title="Definition of the Clock class." alt="" coords="179,80,267,107">
<area shape="rect" href="$de/de4/tpk_8h.html" title="Definition of the generic Alt/Az limit calculator class." alt="" coords="163,229,213,256">
<area shape="rect" href="$d9/d00/_tcl_clock_8h.html" title="Definition of the Clock class." alt="" coords="392,80,477,107">
<area shape="rect" href="$d6/d29/_time_keeper_8cpp.html" title="Definition of the Clock class." alt="" coords="501,80,621,107">
<area shape="rect" href="$d0/da6/_unix_clock_8h.html" title="Definition of the Clock class." alt="" coords="645,80,739,107">
<area shape="rect" href="$db/d73/_win_clock_8h.html" title="Definition of the Clock class." alt="" coords="769,80,860,107">
<area shape="rect" href="$d0/dd0/_alt_az_limit_calc_8h.html" title="Definition of the limit calculator class." alt="" coords="21,155,141,181">
<area shape="rect" href="$dd/dcc/_limit_calc_8cpp.html" title="Definition of the limit calculator class." alt="" coords="216,155,317,181">
<area shape="rect" href="$d5/de5/_alt_az_limit_calc_8cpp.html" title="Definition of the generic Alt/Az limit calculator class." alt="" coords="5,229,139,256">
<area shape="rect" href="$dd/dd8/_tcl_clock_8cpp.html" title="Definition of the TclClock class." alt="" coords="392,155,491,181">
<area shape="rect" href="$d2/da7/_unix_clock_8cpp.html" title="Definition of the Unix clock class." alt="" coords="636,155,743,181">
<area shape="rect" href="$d4/d75/_win_clock_8cpp.html" title="Definition of the the Windows clock class." alt="" coords="767,155,871,181">
