<area shape="rect" href="$d0/dc0/_optics_vt_8h.html" title="Implementation of the optics virtual telescope class." alt="" coords="1325,80,1408,107">
<area shape="rect" href="$d9/d8b/_coordinates_8h.html" title="Definition of the BaseVt class." alt="" coords="464,453,568,480">
<area shape="rect" href="$de/d9b/_tcs_lib_8h.html" title="Definition of the kernel coordinate reference system class." alt="" coords="365,379,440,405">
<area shape="rect" href="$dd/d85/_pointing_origin_8h.html" title="Definition of the BaseVt class." alt="" coords="877,304,995,331">
<area shape="rect" href="$d3/d51/_tcs_mutex_8h.html" title="Definition of the site class." alt="" coords="1319,379,1412,405">
<area shape="rect" href="$dc/dca/_trajectory_8h.html" title="Definition of the optics virtual telescope class." alt="" coords="1285,155,1379,181">
<area shape="rect" title="Implementation of the optics virtual telescope class." alt="" coords="1432,80,1496,107">
<area shape="rect" href="$d1/ddf/_mount_vt_8h.html" title="Implementation of the optics virtual telescope class." alt="" coords="583,80,665,107">
<area shape="rect" href="$da/dc2/_time_keeper_8h.html" title="Implementation of the optics virtual telescope class." alt="" coords="1605,304,1712,331">
<area shape="rect" title="Definition of the optics virtual telescope class." alt="" coords="1035,453,1115,480">
<area shape="rect" href="$d7/dcd/_base_vt_8h.html" title="Definition of the optics virtual telescope class." alt="" coords="949,155,1024,181">
<area shape="rect" href="$d0/d32/_target_8h.html" title="Definition of the BaseVt class." alt="" coords="1025,229,1097,256">
<area shape="rect" title="Definition of the BaseVt class." alt="" coords="811,379,880,405">
<area shape="rect" href="$d2/dfa/_kernel_ref_sys_8h.html" title="Definition of the BaseVt class." alt="" coords="387,304,501,331">
<area shape="rect" title="Definitions of coordinate classes." alt="" coords="487,528,545,555">
<area shape="rect" title="Definition of the TcsLib class." alt="" coords="377,453,428,480">
<area shape="rect" href="$d8/dc1/_ref_sys_8h.html" title="Definition of the target class." alt="" coords="677,304,752,331">
<area shape="rect" href="$d1/d01/_site_8h.html" title="Definition of the target class." alt="" coords="1120,304,1176,331">
<area shape="rect" title="Definition of the coordinate reference system class." alt="" coords="667,379,736,405">
<area shape="rect" href="$de/d23/_mount_type_8h.html" title="Definition of the mount virtual telescope class." alt="" coords="336,229,435,256">
<area shape="rect" href="$d1/d7b/_pointing_model_8h.html" title="Definition of the mount virtual telescope class." alt="" coords="93,304,211,331">
<area shape="rect" title="Defininition of the pointing model class." alt="" coords="109,379,163,405">
<area shape="rect" title="Defininition of the pointing model class." alt="" coords="187,379,245,405">
<area shape="rect" title="Definition of the TimeKeeper class." alt="" coords="1656,379,1733,405">
