<area shape="rect" href="$dd/d2e/_topo_appt_ref_sys_8h.html" title="Definitions of the FK5 coordinate reference system classes." alt="" coords="512,80,648,107">
<area shape="rect" href="$d0/d0d/_i_c_r_s_target_8cpp.html" title="Definition of the topocentric apparent coordinate reference system class." alt="" coords="5,155,123,181">
<area shape="rect" href="$de/de4/tpk_8h.html" title="Definition of the topocentric apparent coordinate reference system class." alt="" coords="701,155,752,181">
<area shape="rect" href="$df/d52/_wcs_8cpp.html" title="Definition of the topocentric apparent coordinate reference system class." alt="" coords="776,155,851,181">
<area shape="rect" href="$d7/d04/_f_k5_ref_sys_8cpp.html" title="Definitions of the FK5 coordinate reference system classes." alt="" coords="875,155,989,181">
<area shape="rect" href="$d3/d04/_kernel_f_k5_ref_sys_8h.html" title="Definitions of the FK5 coordinate reference system classes." alt="" coords="865,80,1004,107">
<area shape="rect" href="$d0/d45/_f_k5_target_8cpp.html" title="Definitions of the FK5 coordinate reference system classes." alt="" coords="1028,80,1137,107">
<area shape="rect" href="$d8/d07/_i_c_ref_sys_8cpp.html" title="Definitions of the FK5 coordinate reference system classes." alt="" coords="1161,80,1265,107">
<area shape="rect" href="$d0/db2/_appt_target_8cpp.html" title="Definition of the topocentric apparent coordinate reference system class." alt="" coords="315,155,429,181">
<area shape="rect" href="$d3/d59/_kernel_topo_appt_ref_sys_8h.html" title="Definition of the topocentric apparent coordinate reference system class." alt="" coords="453,155,627,181">
<area shape="rect" href="$d5/de1/_topo_appt_ref_sys_8cpp.html" title="Definition of the kernel topocentric apparent coordinate reference system class." alt="" coords="527,229,676,256">
<area shape="rect" href="$db/d7b/_topo_appt_target_8cpp.html" title="Definition of the topocentric apparent coordinate reference system class." alt="" coords="147,155,291,181">
<area shape="rect" href="$de/dfc/_kernel_f_k5_ref_sys_8cpp.html" title="Definitions of the kernel FK5 coordinate reference system class." alt="" coords="1013,155,1165,181">
